Archive member included to satisfy reference by file (symbol)

c:/st/stm32cubeide_1.5.1/stm32cubeide/plugins/com.st.stm32cube.ide.mcu.externaltools.gnu-tools-for-stm32.7-2018-q2-update.win32_1.5.0.202011040924/tools/bin/../lib/gcc/arm-none-eabi/7.3.1/../../../../arm-none-eabi/lib/thumb/v7e-m/fpv4-sp/hard\libc_nano.a(lib_a-errno.o)
                              Core/Src/syscalls.o (__errno)
c:/st/stm32cubeide_1.5.1/stm32cubeide/plugins/com.st.stm32cube.ide.mcu.externaltools.gnu-tools-for-stm32.7-2018-q2-update.win32_1.5.0.202011040924/tools/bin/../lib/gcc/arm-none-eabi/7.3.1/../../../../arm-none-eabi/lib/thumb/v7e-m/fpv4-sp/hard\libc_nano.a(lib_a-exit.o)
                              c:/st/stm32cubeide_1.5.1/stm32cubeide/plugins/com.st.stm32cube.ide.mcu.externaltools.gnu-tools-for-stm32.7-2018-q2-update.win32_1.5.0.202011040924/tools/bin/../lib/gcc/arm-none-eabi/7.3.1/../../../../arm-none-eabi/lib/thumb/v7e-m/fpv4-sp/hard/crt0.o (exit)
c:/st/stm32cubeide_1.5.1/stm32cubeide/plugins/com.st.stm32cube.ide.mcu.externaltools.gnu-tools-for-stm32.7-2018-q2-update.win32_1.5.0.202011040924/tools/bin/../lib/gcc/arm-none-eabi/7.3.1/../../../../arm-none-eabi/lib/thumb/v7e-m/fpv4-sp/hard\libc_nano.a(lib_a-impure.o)
                              c:/st/stm32cubeide_1.5.1/stm32cubeide/plugins/com.st.stm32cube.ide.mcu.externaltools.gnu-tools-for-stm32.7-2018-q2-update.win32_1.5.0.202011040924/tools/bin/../lib/gcc/arm-none-eabi/7.3.1/../../../../arm-none-eabi/lib/thumb/v7e-m/fpv4-sp/hard\libc_nano.a(lib_a-exit.o) (_global_impure_ptr)
c:/st/stm32cubeide_1.5.1/stm32cubeide/plugins/com.st.stm32cube.ide.mcu.externaltools.gnu-tools-for-stm32.7-2018-q2-update.win32_1.5.0.202011040924/tools/bin/../lib/gcc/arm-none-eabi/7.3.1/../../../../arm-none-eabi/lib/thumb/v7e-m/fpv4-sp/hard\libc_nano.a(lib_a-init.o)
                              c:/st/stm32cubeide_1.5.1/stm32cubeide/plugins/com.st.stm32cube.ide.mcu.externaltools.gnu-tools-for-stm32.7-2018-q2-update.win32_1.5.0.202011040924/tools/bin/../lib/gcc/arm-none-eabi/7.3.1/../../../../arm-none-eabi/lib/thumb/v7e-m/fpv4-sp/hard/crt0.o (__libc_init_array)
c:/st/stm32cubeide_1.5.1/stm32cubeide/plugins/com.st.stm32cube.ide.mcu.externaltools.gnu-tools-for-stm32.7-2018-q2-update.win32_1.5.0.202011040924/tools/bin/../lib/gcc/arm-none-eabi/7.3.1/../../../../arm-none-eabi/lib/thumb/v7e-m/fpv4-sp/hard\libc_nano.a(lib_a-memset.o)
                              c:/st/stm32cubeide_1.5.1/stm32cubeide/plugins/com.st.stm32cube.ide.mcu.externaltools.gnu-tools-for-stm32.7-2018-q2-update.win32_1.5.0.202011040924/tools/bin/../lib/gcc/arm-none-eabi/7.3.1/../../../../arm-none-eabi/lib/thumb/v7e-m/fpv4-sp/hard/crt0.o (memset)
c:/st/stm32cubeide_1.5.1/stm32cubeide/plugins/com.st.stm32cube.ide.mcu.externaltools.gnu-tools-for-stm32.7-2018-q2-update.win32_1.5.0.202011040924/tools/bin/../lib/gcc/arm-none-eabi/7.3.1/thumb/v7e-m/fpv4-sp/hard\libgcc.a(_arm_addsubdf3.o)
                              Core/Src/LineChase.o (__aeabi_dsub)
c:/st/stm32cubeide_1.5.1/stm32cubeide/plugins/com.st.stm32cube.ide.mcu.externaltools.gnu-tools-for-stm32.7-2018-q2-update.win32_1.5.0.202011040924/tools/bin/../lib/gcc/arm-none-eabi/7.3.1/thumb/v7e-m/fpv4-sp/hard\libgcc.a(_arm_muldivdf3.o)
                              Core/Src/LineChase.o (__aeabi_dmul)
c:/st/stm32cubeide_1.5.1/stm32cubeide/plugins/com.st.stm32cube.ide.mcu.externaltools.gnu-tools-for-stm32.7-2018-q2-update.win32_1.5.0.202011040924/tools/bin/../lib/gcc/arm-none-eabi/7.3.1/thumb/v7e-m/fpv4-sp/hard\libgcc.a(_arm_fixdfsi.o)
                              Core/Src/LineChase.o (__aeabi_d2iz)
c:/st/stm32cubeide_1.5.1/stm32cubeide/plugins/com.st.stm32cube.ide.mcu.externaltools.gnu-tools-for-stm32.7-2018-q2-update.win32_1.5.0.202011040924/tools/bin/../lib/gcc/arm-none-eabi/7.3.1/thumb/v7e-m/fpv4-sp/hard\libgcc.a(_aeabi_uldivmod.o)
                              Drivers/STM32F4xx_HAL_Driver/Src/stm32f4xx_hal_rcc.o (__aeabi_uldivmod)
c:/st/stm32cubeide_1.5.1/stm32cubeide/plugins/com.st.stm32cube.ide.mcu.externaltools.gnu-tools-for-stm32.7-2018-q2-update.win32_1.5.0.202011040924/tools/bin/../lib/gcc/arm-none-eabi/7.3.1/thumb/v7e-m/fpv4-sp/hard\libgcc.a(_udivmoddi4.o)
                              c:/st/stm32cubeide_1.5.1/stm32cubeide/plugins/com.st.stm32cube.ide.mcu.externaltools.gnu-tools-for-stm32.7-2018-q2-update.win32_1.5.0.202011040924/tools/bin/../lib/gcc/arm-none-eabi/7.3.1/thumb/v7e-m/fpv4-sp/hard\libgcc.a(_aeabi_uldivmod.o) (__udivmoddi4)
c:/st/stm32cubeide_1.5.1/stm32cubeide/plugins/com.st.stm32cube.ide.mcu.externaltools.gnu-tools-for-stm32.7-2018-q2-update.win32_1.5.0.202011040924/tools/bin/../lib/gcc/arm-none-eabi/7.3.1/thumb/v7e-m/fpv4-sp/hard\libgcc.a(_dvmd_tls.o)
                              c:/st/stm32cubeide_1.5.1/stm32cubeide/plugins/com.st.stm32cube.ide.mcu.externaltools.gnu-tools-for-stm32.7-2018-q2-update.win32_1.5.0.202011040924/tools/bin/../lib/gcc/arm-none-eabi/7.3.1/thumb/v7e-m/fpv4-sp/hard\libgcc.a(_aeabi_uldivmod.o) (__aeabi_ldiv0)

Allocating common symbols
[...]
Memory Configuration

Name             Origin             Length             Attributes
CCMRAM           0x0000000010000000 0x0000000000010000 xrw
RAM              0x0000000020000000 0x0000000000020000 xrw
FLASH            0x0000000008000000 0x0000000000100000 xr
*default*        0x0000000000000000 0xffffffffffffffff

Linker script and memory map

LOAD c:/st/stm32cubeide_1.5.1/stm32cubeide/plugins/com.st.stm32cube.ide.mcu.externaltools.gnu-tools-for-stm32.7-2018-q2-update.win32_1.5.0.202011040924/tools/bin/../lib/gcc/arm-none-eabi/7.3.1/thumb/v7e-m/fpv4-sp/hard/crti.o
LOAD c:/st/stm32cubeide_1.5.1/stm32cubeide/plugins/com.st.stm32cube.ide.mcu.externaltools.gnu-tools-for-stm32.7-2018-q2-update.win32_1.5.0.202011040924/tools/bin/../lib/gcc/arm-none-eabi/7.3.1/thumb/v7e-m/fpv4-sp/hard/crtbegin.o
LOAD c:/st/stm32cubeide_1.5.1/stm32cubeide/plugins/com.st.stm32cube.ide.mcu.externaltools.gnu-tools-for-stm32.7-2018-q2-update.win32_1.5.0.202011040924/tools/bin/../lib/gcc/arm-none-eabi/7.3.1/../../../../arm-none-eabi/lib/thumb/v7e-m/fpv4-sp/hard/crt0.o
LOAD Core/Src/LineChase.o
LOAD Core/Src/MPU6500.o
LOAD Core/Src/main.o
LOAD Core/Src/stm32f4xx_hal_msp.o
LOAD Core/Src/stm32f4xx_it.o
LOAD Core/Src/syscalls.o
LOAD Core/Src/sysmem.o
LOAD Core/Src/system_stm32f4xx.o
LOAD Core/Startup/startup_stm32f405rgtx.o
LOAD Drivers/STM32F4xx_HAL_Driver/Src/stm32f4xx_hal.o
LOAD Drivers/STM32F4xx_HAL_Driver/Src/stm32f4xx_hal_adc.o
LOAD Drivers/STM32F4xx_HAL_Driver/Src/stm32f4xx_hal_adc_ex.o
LOAD Drivers/STM32F4xx_HAL_Driver/Src/stm32f4xx_hal_cortex.o
LOAD Drivers/STM32F4xx_HAL_Driver/Src/stm32f4xx_hal_dma.o
LOAD Drivers/STM32F4xx_HAL_Driver/Src/stm32f4xx_hal_dma_ex.o
LOAD Drivers/STM32F4xx_HAL_Driver/Src/stm32f4xx_hal_exti.o
LOAD Drivers/STM32F4xx_HAL_Driver/Src/stm32f4xx_hal_flash.o
LOAD Drivers/STM32F4xx_HAL_Driver/Src/stm32f4xx_hal_flash_ex.o
LOAD Drivers/STM32F4xx_HAL_Driver/Src/stm32f4xx_hal_flash_ramfunc.o
LOAD Drivers/STM32F4xx_HAL_Driver/Src/stm32f4xx_hal_gpio.o
LOAD Drivers/STM32F4xx_HAL_Driver/Src/stm32f4xx_hal_i2c.o
LOAD Drivers/STM32F4xx_HAL_Driver/Src/stm32f4xx_hal_i2c_ex.o
LOAD Drivers/STM32F4xx_HAL_Driver/Src/stm32f4xx_hal_pwr.o
LOAD Drivers/STM32F4xx_HAL_Driver/Src/stm32f4xx_hal_pwr_ex.o
LOAD Drivers/STM32F4xx_HAL_Driver/Src/stm32f4xx_hal_rcc.o
LOAD Drivers/STM32F4xx_HAL_Driver/Src/stm32f4xx_hal_rcc_ex.o
LOAD Drivers/STM32F4xx_HAL_Driver/Src/stm32f4xx_hal_spi.o
LOAD Drivers/STM32F4xx_HAL_Driver/Src/stm32f4xx_hal_tim.o
LOAD Drivers/STM32F4xx_HAL_Driver/Src/stm32f4xx_hal_tim_ex.o
LOAD Drivers/STM32F4xx_HAL_Driver/Src/stm32f4xx_hal_uart.o
START GROUP
LOAD c:/st/stm32cubeide_1.5.1/stm32cubeide/plugins/com.st.stm32cube.ide.mcu.externaltools.gnu-tools-for-stm32.7-2018-q2-update.win32_1.5.0.202011040924/tools/bin/../lib/gcc/arm-none-eabi/7.3.1/../../../../arm-none-eabi/lib/thumb/v7e-m/fpv4-sp/hard\libc_nano.a
LOAD c:/st/stm32cubeide_1.5.1/stm32cubeide/plugins/com.st.stm32cube.ide.mcu.externaltools.gnu-tools-for-stm32.7-2018-q2-update.win32_1.5.0.202011040924/tools/bin/../lib/gcc/arm-none-eabi/7.3.1/../../../../arm-none-eabi/lib/thumb/v7e-m/fpv4-sp/hard\libm.a
END GROUP
START GROUP
LOAD c:/st/stm32cubeide_1.5.1/stm32cubeide/plugins/com.st.stm32cube.ide.mcu.externaltools.gnu-tools-for-stm32.7-2018-q2-update.win32_1.5.0.202011040924/tools/bin/../lib/gcc/arm-none-eabi/7.3.1/thumb/v7e-m/fpv4-sp/hard\libgcc.a
LOAD c:/st/stm32cubeide_1.5.1/stm32cubeide/plugins/com.st.stm32cube.ide.mcu.externaltools.gnu-tools-for-stm32.7-2018-q2-update.win32_1.5.0.202011040924/tools/bin/../lib/gcc/arm-none-eabi/7.3.1/../../../../arm-none-eabi/lib/thumb/v7e-m/fpv4-sp/hard\libc_nano.a
END GROUP
START GROUP
LOAD c:/st/stm32cubeide_1.5.1/stm32cubeide/plugins/com.st.stm32cube.ide.mcu.externaltools.gnu-tools-for-stm32.7-2018-q2-update.win32_1.5.0.202011040924/tools/bin/../lib/gcc/arm-none-eabi/7.3.1/thumb/v7e-m/fpv4-sp/hard\libgcc.a
LOAD c:/st/stm32cubeide_1.5.1/stm32cubeide/plugins/com.st.stm32cube.ide.mcu.externaltools.gnu-tools-for-stm32.7-2018-q2-update.win32_1.5.0.202011040924/tools/bin/../lib/gcc/arm-none-eabi/7.3.1/../../../../arm-none-eabi/lib/thumb/v7e-m/fpv4-sp/hard\libc_nano.a
LOAD c:/st/stm32cubeide_1.5.1/stm32cubeide/plugins/com.st.stm32cube.ide.mcu.externaltools.gnu-tools-for-stm32.7-2018-q2-update.win32_1.5.0.202011040924/tools/bin/../lib/gcc/arm-none-eabi/7.3.1/../../../../arm-none-eabi/lib/thumb/v7e-m/fpv4-sp/hard\libnosys.a
END GROUP
START GROUP
LOAD c:/st/stm32cubeide_1.5.1/stm32cubeide/plugins/com.st.stm32cube.ide.mcu.externaltools.gnu-tools-for-stm32.7-2018-q2-update.win32_1.5.0.202011040924/tools/bin/../lib/gcc/arm-none-eabi/7.3.1/thumb/v7e-m/fpv4-sp/hard\libgcc.a
LOAD c:/st/stm32cubeide_1.5.1/stm32cubeide/plugins/com.st.stm32cube.ide.mcu.externaltools.gnu-tools-for-stm32.7-2018-q2-update.win32_1.5.0.202011040924/tools/bin/../lib/gcc/arm-none-eabi/7.3.1/../../../../arm-none-eabi/lib/thumb/v7e-m/fpv4-sp/hard\libc_nano.a
LOAD c:/st/stm32cubeide_1.5.1/stm32cubeide/plugins/com.st.stm32cube.ide.mcu.externaltools.gnu-tools-for-stm32.7-2018-q2-update.win32_1.5.0.202011040924/tools/bin/../lib/gcc/arm-none-eabi/7.3.1/../../../../arm-none-eabi/lib/thumb/v7e-m/fpv4-sp/hard\libnosys.a
END GROUP
LOAD c:/st/stm32cubeide_1.5.1/stm32cubeide/plugins/com.st.stm32cube.ide.mcu.externaltools.gnu-tools-for-stm32.7-2018-q2-update.win32_1.5.0.202011040924/tools/bin/../lib/gcc/arm-none-eabi/7.3.1/thumb/v7e-m/fpv4-sp/hard/crtend.o
LOAD c:/st/stm32cubeide_1.5.1/stm32cubeide/plugins/com.st.stm32cube.ide.mcu.externaltools.gnu-tools-for-stm32.7-2018-q2-update.win32_1.5.0.202011040924/tools/bin/../lib/gcc/arm-none-eabi/7.3.1/thumb/v7e-m/fpv4-sp/hard/crtn.o
                0x0000000020020000                _estack = (ORIGIN (RAM) + LENGTH (RAM))
                0x0000000000000200                _Min_Heap_Size = 0x200
                0x0000000000000400                _Min_Stack_Size = 0x400

.isr_vector     0x0000000008000000      0x188
                0x0000000008000000                . = ALIGN (0x4)
 *(.isr_vector)
 .isr_vector    0x0000000008000000      0x188 Core/Startup/startup_stm32f405rgtx.o
                0x0000000008000000                g_pfnVectors
                0x0000000008000188                . = ALIGN (0x4)

.text           0x0000000008000188     0x6f4c
                0x0000000008000188                . = ALIGN (0x4)
 *(.text)
 .text          0x0000000008000188       0x40 c:/st/stm32cubeide_1.5.1/stm32cubeide/plugins/com.st.stm32cube.ide.mcu.externaltools.gnu-tools-for-stm32.7-2018-q2-update.win32_1.5.0.202011040924/tools/bin/../lib/gcc/arm-none-eabi/7.3.1/thumb/v7e-m/fpv4-sp/hard/crtbegin.o
 .text          0x00000000080001c8      0x378 c:/st/stm32cubeide_1.5.1/stm32cubeide/plugins/com.st.stm32cube.ide.mcu.externaltools.gnu-tools-for-stm32.7-2018-q2-update.win32_1.5.0.202011040924/tools/bin/../lib/gcc/arm-none-eabi/7.3.1/thumb/v7e-m/fpv4-sp/hard\libgcc.a(_arm_addsubdf3.o)
                0x00000000080001c8                __aeabi_drsub
                0x00000000080001d0                __aeabi_dsub
                0x00000000080001d0                __subdf3
                0x00000000080001d4                __aeabi_dadd
                0x00000000080001d4                __adddf3
                0x000000000800044c                __floatunsidf
                0x000000000800044c                __aeabi_ui2d
                0x000000000800046c                __floatsidf
                0x000000000800046c                __aeabi_i2d
                0x0000000008000490                __aeabi_f2d
                0x0000000008000490                __extendsfdf2
                0x00000000080004d4                __floatundidf
                0x00000000080004d4                __aeabi_ul2d
                0x00000000080004e4                __floatdidf
                0x00000000080004e4                __aeabi_l2d
 .text          0x0000000008000540      0x424 c:/st/stm32cubeide_1.5.1/stm32cubeide/plugins/com.st.stm32cube.ide.mcu.externaltools.gnu-tools-for-stm32.7-2018-q2-update.win32_1.5.0.202011040924/tools/bin/../lib/gcc/arm-none-eabi/7.3.1/thumb/v7e-m/fpv4-sp/hard\libgcc.a(_arm_muldivdf3.o)
                0x0000000008000540                __aeabi_dmul
                0x0000000008000540                __muldf3
                0x0000000008000794                __divdf3
                0x0000000008000794                __aeabi_ddiv
 .text          0x0000000008000964       0x50 c:/st/stm32cubeide_1.5.1/stm32cubeide/plugins/com.st.stm32cube.ide.mcu.externaltools.gnu-tools-for-stm32.7-2018-q2-update.win32_1.5.0.202011040924/tools/bin/../lib/gcc/arm-none-eabi/7.3.1/thumb/v7e-m/fpv4-sp/hard\libgcc.a(_arm_fixdfsi.o)
                0x0000000008000964                __aeabi_d2iz
                0x0000000008000964                __fixdfsi
 .text          0x00000000080009b4       0x30 c:/st/stm32cubeide_1.5.1/stm32cubeide/plugins/com.st.stm32cube.ide.mcu.externaltools.gnu-tools-for-stm32.7-2018-q2-update.win32_1.5.0.202011040924/tools/bin/../lib/gcc/arm-none-eabi/7.3.1/thumb/v7e-m/fpv4-sp/hard\libgcc.a(_aeabi_uldivmod.o)
                0x00000000080009b4                __aeabi_uldivmod
 .text          0x00000000080009e4      0x2cc c:/st/stm32cubeide_1.5.1/stm32cubeide/plugins/com.st.stm32cube.ide.mcu.externaltools.gnu-tools-for-stm32.7-2018-q2-update.win32_1.5.0.202011040924/tools/bin/../lib/gcc/arm-none-eabi/7.3.1/thumb/v7e-m/fpv4-sp/hard\libgcc.a(_udivmoddi4.o)
                0x00000000080009e4                __udivmoddi4
 .text          0x0000000008000cb0        0x4 c:/st/stm32cubeide_1.5.1/stm32cubeide/plugins/com.st.stm32cube.ide.mcu.externaltools.gnu-tools-for-stm32.7-2018-q2-update.win32_1.5.0.202011040924/tools/bin/../lib/gcc/arm-none-eabi/7.3.1/thumb/v7e-m/fpv4-sp/hard\libgcc.a(_dvmd_tls.o)
                0x0000000008000cb0                __aeabi_idiv0
                0x0000000008000cb0                __aeabi_ldiv0
 *(.text*)
 .text.motorSet
                0x0000000008000cb4      0x16c Core/Src/LineChase.o
                0x0000000008000cb4                motorSet
 .text.storeAdBuffer
                0x0000000008000e20      0x138 Core/Src/LineChase.o
                0x0000000008000e20                storeAdBuffer
 .text.getAnalogsensor
                0x0000000008000f58      0x514 Core/Src/LineChase.o
                0x0000000008000f58                getAnalogsensor
 *fill*         0x000000000800146c        0x4 
 .text.lineTrace
                0x0000000008001470      0x280 Core/Src/LineChase.o
                0x0000000008001470                lineTrace
 .text.updateSideSensorState
                0x00000000080016f0       0xa8 Core/Src/LineChase.o
                0x00000000080016f0                updateSideSensorState
 .text.read_byte
                0x0000000008001798       0x58 Core/Src/MPU6500.o
                0x0000000008001798                read_byte
 .text.write_byte
                0x00000000080017f0       0x58 Core/Src/MPU6500.o
                0x00000000080017f0                write_byte
 .text.IMU_init
                0x0000000008001848       0x42 Core/Src/MPU6500.o
                0x0000000008001848                IMU_init
 *fill*         0x000000000800188a        0x2 
 .text.read_gyro_data
                0x000000000800188c       0x70 Core/Src/MPU6500.o
                0x000000000800188c                read_gyro_data
 .text.read_accel_data
                0x00000000080018fc       0x70 Core/Src/MPU6500.o
                0x00000000080018fc                read_accel_data
 .text.HAL_TIM_PeriodElapsedCallback
                0x000000000800196c       0x64 Core/Src/main.o
                0x000000000800196c                HAL_TIM_PeriodElapsedCallback
 .text.main     0x00000000080019d0      0x1d4 Core/Src/main.o
                0x00000000080019d0                main
 .text.SystemClock_Config
                0x0000000008001ba4       0xd4 Core/Src/main.o
                0x0000000008001ba4                SystemClock_Config
 .text.MX_ADC1_Init
                0x0000000008001c78      0x1d8 Core/Src/main.o
 .text.MX_I2C1_Init
                0x0000000008001e50       0x5c Core/Src/main.o
 .text.MX_SPI3_Init
                0x0000000008001eac       0x6c Core/Src/main.o
 .text.MX_TIM2_Init
                0x0000000008001f18       0xdc Core/Src/main.o
 .text.MX_TIM3_Init
                0x0000000008001ff4       0xa8 Core/Src/main.o
 .text.MX_TIM4_Init
                0x000000000800209c       0xa8 Core/Src/main.o
 .text.MX_TIM6_Init
                0x0000000008002144       0x6c Core/Src/main.o
 .text.MX_TIM7_Init
                0x00000000080021b0       0x68 Core/Src/main.o
 .text.MX_TIM8_Init
                0x0000000008002218      0x150 Core/Src/main.o
 .text.MX_TIM12_Init
                0x0000000008002368       0xa0 Core/Src/main.o
 .text.MX_USART1_UART_Init
                0x0000000008002408       0x54 Core/Src/main.o
 .text.MX_DMA_Init
                0x000000000800245c       0x40 Core/Src/main.o
 .text.MX_GPIO_Init
                0x000000000800249c      0x13c Core/Src/main.o
 .text.Error_Handler
                0x00000000080025d8        0x8 Core/Src/main.o
                0x00000000080025d8                Error_Handler
 .text.HAL_MspInit
                0x00000000080025e0       0x50 Core/Src/stm32f4xx_hal_msp.o
                0x00000000080025e0                HAL_MspInit
 .text.HAL_ADC_MspInit
                0x0000000008002630      0x160 Core/Src/stm32f4xx_hal_msp.o
                0x0000000008002630                HAL_ADC_MspInit
 .text.HAL_I2C_MspInit
                0x0000000008002790       0x90 Core/Src/stm32f4xx_hal_msp.o
                0x0000000008002790                HAL_I2C_MspInit
 .text.HAL_SPI_MspInit
                0x0000000008002820       0xa0 Core/Src/stm32f4xx_hal_msp.o
                0x0000000008002820                HAL_SPI_MspInit
 .text.HAL_TIM_PWM_MspInit
                0x00000000080028c0       0x98 Core/Src/stm32f4xx_hal_msp.o
                0x00000000080028c0                HAL_TIM_PWM_MspInit
 .text.HAL_TIM_Encoder_MspInit
                0x0000000008002958       0xf8 Core/Src/stm32f4xx_hal_msp.o
                0x0000000008002958                HAL_TIM_Encoder_MspInit
 .text.HAL_TIM_Base_MspInit
                0x0000000008002a50       0x8c Core/Src/stm32f4xx_hal_msp.o
                0x0000000008002a50                HAL_TIM_Base_MspInit
 .text.HAL_TIM_MspPostInit
                0x0000000008002adc      0x154 Core/Src/stm32f4xx_hal_msp.o
                0x0000000008002adc                HAL_TIM_MspPostInit
 .text.HAL_UART_MspInit
                0x0000000008002c30       0x90 Core/Src/stm32f4xx_hal_msp.o
                0x0000000008002c30                HAL_UART_MspInit
 .text.NMI_Handler
                0x0000000008002cc0        0x6 Core/Src/stm32f4xx_it.o
                0x0000000008002cc0                NMI_Handler
 .text.HardFault_Handler
                0x0000000008002cc6        0x6 Core/Src/stm32f4xx_it.o
                0x0000000008002cc6                HardFault_Handler
 .text.MemManage_Handler
                0x0000000008002ccc        0x6 Core/Src/stm32f4xx_it.o
                0x0000000008002ccc                MemManage_Handler
 .text.BusFault_Handler
                0x0000000008002cd2        0x6 Core/Src/stm32f4xx_it.o
                0x0000000008002cd2                BusFault_Handler
 .text.UsageFault_Handler
                0x0000000008002cd8        0x6 Core/Src/stm32f4xx_it.o
                0x0000000008002cd8                UsageFault_Handler
 .text.SVC_Handler
                0x0000000008002cde        0xe Core/Src/stm32f4xx_it.o
                0x0000000008002cde                SVC_Handler
 .text.DebugMon_Handler
                0x0000000008002cec        0xe Core/Src/stm32f4xx_it.o
                0x0000000008002cec                DebugMon_Handler
 .text.PendSV_Handler
                0x0000000008002cfa        0xe Core/Src/stm32f4xx_it.o
                0x0000000008002cfa                PendSV_Handler
 .text.SysTick_Handler
                0x0000000008002d08        0xc Core/Src/stm32f4xx_it.o
                0x0000000008002d08                SysTick_Handler
 .text.SPI3_IRQHandler
                0x0000000008002d14       0x14 Core/Src/stm32f4xx_it.o
                0x0000000008002d14                SPI3_IRQHandler
 .text.TIM6_DAC_IRQHandler
                0x0000000008002d28       0x14 Core/Src/stm32f4xx_it.o
                0x0000000008002d28                TIM6_DAC_IRQHandler
 .text.TIM7_IRQHandler
                0x0000000008002d3c       0x14 Core/Src/stm32f4xx_it.o
                0x0000000008002d3c                TIM7_IRQHandler
 .text.DMA2_Stream0_IRQHandler
                0x0000000008002d50       0x14 Core/Src/stm32f4xx_it.o
                0x0000000008002d50                DMA2_Stream0_IRQHandler
 .text.SystemInit
                0x0000000008002d64       0x2c Core/Src/system_stm32f4xx.o
                0x0000000008002d64                SystemInit
 .text.Reset_Handler
                0x0000000008002d90       0x50 Core/Startup/startup_stm32f405rgtx.o
                0x0000000008002d90                Reset_Handler
 .text.Default_Handler
                0x0000000008002de0        0x2 Core/Startup/startup_stm32f405rgtx.o
                0x0000000008002de0                RTC_Alarm_IRQHandler
                0x0000000008002de0                HASH_RNG_IRQHandler
                0x0000000008002de0                EXTI2_IRQHandler
                0x0000000008002de0                TIM8_CC_IRQHandler
                0x0000000008002de0                TIM1_CC_IRQHandler
                0x0000000008002de0                DMA2_Stream5_IRQHandler
                0x0000000008002de0                DMA1_Stream5_IRQHandler
                0x0000000008002de0                PVD_IRQHandler
                0x0000000008002de0                SDIO_IRQHandler
                0x0000000008002de0                TAMP_STAMP_IRQHandler
                0x0000000008002de0                CAN2_RX1_IRQHandler
                0x0000000008002de0                EXTI3_IRQHandler
                0x0000000008002de0                TIM8_TRG_COM_TIM14_IRQHandler
                0x0000000008002de0                TIM1_UP_TIM10_IRQHandler
                0x0000000008002de0                TIM8_UP_TIM13_IRQHandler
                0x0000000008002de0                I2C3_ER_IRQHandler
                0x0000000008002de0                EXTI0_IRQHandler
                0x0000000008002de0                I2C2_EV_IRQHandler
                0x0000000008002de0                DMA1_Stream2_IRQHandler
                0x0000000008002de0                CAN1_RX0_IRQHandler
                0x0000000008002de0                FPU_IRQHandler
                0x0000000008002de0                OTG_HS_WKUP_IRQHandler
                0x0000000008002de0                CAN2_SCE_IRQHandler
                0x0000000008002de0                DMA2_Stream2_IRQHandler
                0x0000000008002de0                SPI1_IRQHandler
                0x0000000008002de0                TIM1_BRK_TIM9_IRQHandler
                0x0000000008002de0                CAN2_RX0_IRQHandler
                0x0000000008002de0                DMA2_Stream3_IRQHandler
                0x0000000008002de0                USART6_IRQHandler
                0x0000000008002de0                USART3_IRQHandler
                0x0000000008002de0                CAN1_RX1_IRQHandler
                0x0000000008002de0                UART5_IRQHandler
                0x0000000008002de0                TIM4_IRQHandler
                0x0000000008002de0                I2C1_EV_IRQHandler
                0x0000000008002de0                DMA1_Stream6_IRQHandler
                0x0000000008002de0                DMA1_Stream1_IRQHandler
                0x0000000008002de0                UART4_IRQHandler
                0x0000000008002de0                TIM3_IRQHandler
                0x0000000008002de0                RCC_IRQHandler
                0x0000000008002de0                TIM8_BRK_TIM12_IRQHandler
                0x0000000008002de0                Default_Handler
                0x0000000008002de0                EXTI15_10_IRQHandler
                0x0000000008002de0                ADC_IRQHandler
                0x0000000008002de0                DMA1_Stream7_IRQHandler
                0x0000000008002de0                CAN2_TX_IRQHandler
                0x0000000008002de0                TIM5_IRQHandler
                0x0000000008002de0                DMA2_Stream7_IRQHandler
                0x0000000008002de0                I2C3_EV_IRQHandler
                0x0000000008002de0                EXTI9_5_IRQHandler
                0x0000000008002de0                RTC_WKUP_IRQHandler
                0x0000000008002de0                SPI2_IRQHandler
                0x0000000008002de0                OTG_HS_EP1_IN_IRQHandler
                0x0000000008002de0                DMA1_Stream0_IRQHandler
                0x0000000008002de0                CAN1_TX_IRQHandler
                0x0000000008002de0                EXTI4_IRQHandler
                0x0000000008002de0                FSMC_IRQHandler
                0x0000000008002de0                OTG_HS_EP1_OUT_IRQHandler
                0x0000000008002de0                WWDG_IRQHandler
                0x0000000008002de0                TIM2_IRQHandler
                0x0000000008002de0                OTG_FS_WKUP_IRQHandler
                0x0000000008002de0                TIM1_TRG_COM_TIM11_IRQHandler
                0x0000000008002de0                OTG_HS_IRQHandler
                0x0000000008002de0                EXTI1_IRQHandler
                0x0000000008002de0                USART2_IRQHandler
                0x0000000008002de0                I2C2_ER_IRQHandler
                0x0000000008002de0                DMA2_Stream1_IRQHandler
                0x0000000008002de0                CAN1_SCE_IRQHandler
                0x0000000008002de0                FLASH_IRQHandler
                0x0000000008002de0                DMA2_Stream4_IRQHandler
                0x0000000008002de0                USART1_IRQHandler
                0x0000000008002de0                OTG_FS_IRQHandler
                0x0000000008002de0                DMA1_Stream4_IRQHandler
                0x0000000008002de0                I2C1_ER_IRQHandler
                0x0000000008002de0                DMA2_Stream6_IRQHandler
                0x0000000008002de0                DMA1_Stream3_IRQHandler
 *fill*         0x0000000008002de2        0x2 
 .text.HAL_Init
                0x0000000008002de4       0x44 Drivers/STM32F4xx_HAL_Driver/Src/stm32f4xx_hal.o
                0x0000000008002de4                HAL_Init
 .text.HAL_InitTick
                0x0000000008002e28       0x60 Drivers/STM32F4xx_HAL_Driver/Src/stm32f4xx_hal.o
                0x0000000008002e28                HAL_InitTick
 .text.HAL_IncTick
                0x0000000008002e88       0x28 Drivers/STM32F4xx_HAL_Driver/Src/stm32f4xx_hal.o
                0x0000000008002e88                HAL_IncTick
 .text.HAL_GetTick
                0x0000000008002eb0       0x18 Drivers/STM32F4xx_HAL_Driver/Src/stm32f4xx_hal.o
                0x0000000008002eb0                HAL_GetTick
 .text.HAL_Delay
                0x0000000008002ec8       0x44 Drivers/STM32F4xx_HAL_Driver/Src/stm32f4xx_hal.o
                0x0000000008002ec8                HAL_Delay
 .text.HAL_ADC_Init
                0x0000000008002f0c       0x86 Drivers/STM32F4xx_HAL_Driver/Src/stm32f4xx_hal_adc.o
                0x0000000008002f0c                HAL_ADC_Init
 *fill*         0x0000000008002f92        0x2 
 .text.HAL_ADC_Start_DMA
                0x0000000008002f94      0x1e4 Drivers/STM32F4xx_HAL_Driver/Src/stm32f4xx_hal_adc.o
                0x0000000008002f94                HAL_ADC_Start_DMA
 .text.HAL_ADC_ConvCpltCallback
                0x0000000008003178       0x14 Drivers/STM32F4xx_HAL_Driver/Src/stm32f4xx_hal_adc.o
                0x0000000008003178                HAL_ADC_ConvCpltCallback
 .text.HAL_ADC_ConvHalfCpltCallback
                0x000000000800318c       0x14 Drivers/STM32F4xx_HAL_Driver/Src/stm32f4xx_hal_adc.o
                0x000000000800318c                HAL_ADC_ConvHalfCpltCallback
 .text.HAL_ADC_ErrorCallback
                0x00000000080031a0       0x14 Drivers/STM32F4xx_HAL_Driver/Src/stm32f4xx_hal_adc.o
                0x00000000080031a0                HAL_ADC_ErrorCallback
 .text.HAL_ADC_ConfigChannel
                0x00000000080031b4      0x244 Drivers/STM32F4xx_HAL_Driver/Src/stm32f4xx_hal_adc.o
                0x00000000080031b4                HAL_ADC_ConfigChannel
 .text.ADC_Init
                0x00000000080033f8      0x1f8 Drivers/STM32F4xx_HAL_Driver/Src/stm32f4xx_hal_adc.o
 .text.ADC_DMAConvCplt
                0x00000000080035f0       0xba Drivers/STM32F4xx_HAL_Driver/Src/stm32f4xx_hal_adc.o
 .text.ADC_DMAHalfConvCplt
                0x00000000080036aa       0x1c Drivers/STM32F4xx_HAL_Driver/Src/stm32f4xx_hal_adc.o
 .text.ADC_DMAError
                0x00000000080036c6       0x2e Drivers/STM32F4xx_HAL_Driver/Src/stm32f4xx_hal_adc.o
 .text.__NVIC_SetPriorityGrouping
                0x00000000080036f4       0x48 Drivers/STM32F4xx_HAL_Driver/Src/stm32f4xx_hal_cortex.o
 .text.__NVIC_GetPriorityGrouping
                0x000000000800373c       0x1c Drivers/STM32F4xx_HAL_Driver/Src/stm32f4xx_hal_cortex.o
 .text.__NVIC_EnableIRQ
                0x0000000008003758       0x3c Drivers/STM32F4xx_HAL_Driver/Src/stm32f4xx_hal_cortex.o
 .text.__NVIC_SetPriority
                0x0000000008003794       0x54 Drivers/STM32F4xx_HAL_Driver/Src/stm32f4xx_hal_cortex.o
 .text.NVIC_EncodePriority
                0x00000000080037e8       0x66 Drivers/STM32F4xx_HAL_Driver/Src/stm32f4xx_hal_cortex.o
 *fill*         0x000000000800384e        0x2 
 .text.SysTick_Config
                0x0000000008003850       0x44 Drivers/STM32F4xx_HAL_Driver/Src/stm32f4xx_hal_cortex.o
 .text.HAL_NVIC_SetPriorityGrouping
                0x0000000008003894       0x16 Drivers/STM32F4xx_HAL_Driver/Src/stm32f4xx_hal_cortex.o
                0x0000000008003894                HAL_NVIC_SetPriorityGrouping
 .text.HAL_NVIC_SetPriority
                0x00000000080038aa       0x38 Drivers/STM32F4xx_HAL_Driver/Src/stm32f4xx_hal_cortex.o
                0x00000000080038aa                HAL_NVIC_SetPriority
 .text.HAL_NVIC_EnableIRQ
                0x00000000080038e2       0x1c Drivers/STM32F4xx_HAL_Driver/Src/stm32f4xx_hal_cortex.o
                0x00000000080038e2                HAL_NVIC_EnableIRQ
 .text.HAL_SYSTICK_Config
                0x00000000080038fe       0x18 Drivers/STM32F4xx_HAL_Driver/Src/stm32f4xx_hal_cortex.o
                0x00000000080038fe                HAL_SYSTICK_Config
 *fill*         0x0000000008003916        0x2 
 .text.HAL_DMA_Init
                0x0000000008003918      0x15c Drivers/STM32F4xx_HAL_Driver/Src/stm32f4xx_hal_dma.o
                0x0000000008003918                HAL_DMA_Init
 .text.HAL_DMA_Start_IT
                0x0000000008003a74       0xb0 Drivers/STM32F4xx_HAL_Driver/Src/stm32f4xx_hal_dma.o
                0x0000000008003a74                HAL_DMA_Start_IT
 .text.HAL_DMA_Abort_IT
                0x0000000008003b24       0x44 Drivers/STM32F4xx_HAL_Driver/Src/stm32f4xx_hal_dma.o
                0x0000000008003b24                HAL_DMA_Abort_IT
 .text.HAL_DMA_IRQHandler
                0x0000000008003b68      0x314 Drivers/STM32F4xx_HAL_Driver/Src/stm32f4xx_hal_dma.o
                0x0000000008003b68                HAL_DMA_IRQHandler
 .text.DMA_SetConfig
                0x0000000008003e7c       0x5c Drivers/STM32F4xx_HAL_Driver/Src/stm32f4xx_hal_dma.o
 .text.DMA_CalcBaseAndBitshift
                0x0000000008003ed8       0x6c Drivers/STM32F4xx_HAL_Driver/Src/stm32f4xx_hal_dma.o
 .text.DMA_CheckFifoParam
                0x0000000008003f44       0xf4 Drivers/STM32F4xx_HAL_Driver/Src/stm32f4xx_hal_dma.o
 .text.HAL_GPIO_Init
                0x0000000008004038      0x334 Drivers/STM32F4xx_HAL_Driver/Src/stm32f4xx_hal_gpio.o
                0x0000000008004038                HAL_GPIO_Init
 .text.HAL_GPIO_ReadPin
                0x000000000800436c       0x30 Drivers/STM32F4xx_HAL_Driver/Src/stm32f4xx_hal_gpio.o
                0x000000000800436c                HAL_GPIO_ReadPin
 .text.HAL_GPIO_WritePin
                0x000000000800439c       0x32 Drivers/STM32F4xx_HAL_Driver/Src/stm32f4xx_hal_gpio.o
                0x000000000800439c                HAL_GPIO_WritePin
 *fill*         0x00000000080043ce        0x2 
 .text.HAL_I2C_Init
                0x00000000080043d0      0x270 Drivers/STM32F4xx_HAL_Driver/Src/stm32f4xx_hal_i2c.o
                0x00000000080043d0                HAL_I2C_Init
 .text.HAL_RCC_OscConfig
                0x0000000008004640      0x4e0 Drivers/STM32F4xx_HAL_Driver/Src/stm32f4xx_hal_rcc.o
                0x0000000008004640                HAL_RCC_OscConfig
 .text.HAL_RCC_ClockConfig
                0x0000000008004b20      0x1cc Drivers/STM32F4xx_HAL_Driver/Src/stm32f4xx_hal_rcc.o
                0x0000000008004b20                HAL_RCC_ClockConfig
 .text.HAL_RCC_GetSysClockFreq
                0x0000000008004cec      0x164 Drivers/STM32F4xx_HAL_Driver/Src/stm32f4xx_hal_rcc.o
                0x0000000008004cec                HAL_RCC_GetSysClockFreq
 .text.HAL_RCC_GetHCLKFreq
                0x0000000008004e50       0x18 Drivers/STM32F4xx_HAL_Driver/Src/stm32f4xx_hal_rcc.o
                0x0000000008004e50                HAL_RCC_GetHCLKFreq
 .text.HAL_RCC_GetPCLK1Freq
                0x0000000008004e68       0x28 Drivers/STM32F4xx_HAL_Driver/Src/stm32f4xx_hal_rcc.o
                0x0000000008004e68                HAL_RCC_GetPCLK1Freq
 .text.HAL_RCC_GetPCLK2Freq
                0x0000000008004e90       0x28 Drivers/STM32F4xx_HAL_Driver/Src/stm32f4xx_hal_rcc.o
                0x0000000008004e90                HAL_RCC_GetPCLK2Freq
 .text.HAL_SPI_Init
                0x0000000008004eb8       0xc8 Drivers/STM32F4xx_HAL_Driver/Src/stm32f4xx_hal_spi.o
                0x0000000008004eb8                HAL_SPI_Init
 .text.HAL_SPI_Transmit
                0x0000000008004f80      0x268 Drivers/STM32F4xx_HAL_Driver/Src/stm32f4xx_hal_spi.o
                0x0000000008004f80                HAL_SPI_Transmit
 .text.HAL_SPI_Receive
                0x00000000080051e8      0x212 Drivers/STM32F4xx_HAL_Driver/Src/stm32f4xx_hal_spi.o
                0x00000000080051e8                HAL_SPI_Receive
 .text.HAL_SPI_TransmitReceive
                0x00000000080053fa      0x344 Drivers/STM32F4xx_HAL_Driver/Src/stm32f4xx_hal_spi.o
                0x00000000080053fa                HAL_SPI_TransmitReceive
 *fill*         0x000000000800573e        0x2 
 .text.HAL_SPI_IRQHandler
                0x0000000008005740      0x200 Drivers/STM32F4xx_HAL_Driver/Src/stm32f4xx_hal_spi.o
                0x0000000008005740                HAL_SPI_IRQHandler
 .text.HAL_SPI_ErrorCallback
                0x0000000008005940       0x14 Drivers/STM32F4xx_HAL_Driver/Src/stm32f4xx_hal_spi.o
                0x0000000008005940                HAL_SPI_ErrorCallback
 .text.SPI_DMAAbortOnError
                0x0000000008005954       0x28 Drivers/STM32F4xx_HAL_Driver/Src/stm32f4xx_hal_spi.o
 .text.SPI_WaitFlagStateUntilTimeout
                0x000000000800597c       0xd4 Drivers/STM32F4xx_HAL_Driver/Src/stm32f4xx_hal_spi.o
 .text.SPI_EndRxTransaction
                0x0000000008005a50       0xca Drivers/STM32F4xx_HAL_Driver/Src/stm32f4xx_hal_spi.o
 *fill*         0x0000000008005b1a        0x2 
 .text.SPI_EndRxTxTransaction
                0x0000000008005b1c       0x84 Drivers/STM32F4xx_HAL_Driver/Src/stm32f4xx_hal_spi.o
 .text.HAL_TIM_Base_Init
                0x0000000008005ba0       0x56 Drivers/STM32F4xx_HAL_Driver/Src/stm32f4xx_hal_tim.o
                0x0000000008005ba0                HAL_TIM_Base_Init
 .text.HAL_TIM_Base_Start_IT
                0x0000000008005bf6       0x48 Drivers/STM32F4xx_HAL_Driver/Src/stm32f4xx_hal_tim.o
                0x0000000008005bf6                HAL_TIM_Base_Start_IT
 .text.HAL_TIM_PWM_Init
                0x0000000008005c3e       0x56 Drivers/STM32F4xx_HAL_Driver/Src/stm32f4xx_hal_tim.o
                0x0000000008005c3e                HAL_TIM_PWM_Init
 .text.HAL_TIM_PWM_Start
                0x0000000008005c94       0x7c Drivers/STM32F4xx_HAL_Driver/Src/stm32f4xx_hal_tim.o
                0x0000000008005c94                HAL_TIM_PWM_Start
 .text.HAL_TIM_Encoder_Init
                0x0000000008005d10      0x124 Drivers/STM32F4xx_HAL_Driver/Src/stm32f4xx_hal_tim.o
                0x0000000008005d10                HAL_TIM_Encoder_Init
 .text.HAL_TIM_IRQHandler
                0x0000000008005e34      0x210 Drivers/STM32F4xx_HAL_Driver/Src/stm32f4xx_hal_tim.o
                0x0000000008005e34                HAL_TIM_IRQHandler
 .text.HAL_TIM_PWM_ConfigChannel
                0x0000000008006044      0x18c Drivers/STM32F4xx_HAL_Driver/Src/stm32f4xx_hal_tim.o
                0x0000000008006044                HAL_TIM_PWM_ConfigChannel
 .text.HAL_TIM_OC_DelayElapsedCallback
                0x00000000080061d0       0x14 Drivers/STM32F4xx_HAL_Driver/Src/stm32f4xx_hal_tim.o
                0x00000000080061d0                HAL_TIM_OC_DelayElapsedCallback
 .text.HAL_TIM_IC_CaptureCallback
                0x00000000080061e4       0x14 Drivers/STM32F4xx_HAL_Driver/Src/stm32f4xx_hal_tim.o
                0x00000000080061e4                HAL_TIM_IC_CaptureCallback
 .text.HAL_TIM_PWM_PulseFinishedCallback
                0x00000000080061f8       0x14 Drivers/STM32F4xx_HAL_Driver/Src/stm32f4xx_hal_tim.o
                0x00000000080061f8                HAL_TIM_PWM_PulseFinishedCallback
 .text.HAL_TIM_TriggerCallback
                0x000000000800620c       0x14 Drivers/STM32F4xx_HAL_Driver/Src/stm32f4xx_hal_tim.o
                0x000000000800620c                HAL_TIM_TriggerCallback
 .text.TIM_Base_SetConfig
                0x0000000008006220      0x140 Drivers/STM32F4xx_HAL_Driver/Src/stm32f4xx_hal_tim.o
                0x0000000008006220                TIM_Base_SetConfig
 .text.TIM_OC1_SetConfig
                0x0000000008006360       0xe0 Drivers/STM32F4xx_HAL_Driver/Src/stm32f4xx_hal_tim.o
 .text.TIM_OC2_SetConfig
                0x0000000008006440       0xec Drivers/STM32F4xx_HAL_Driver/Src/stm32f4xx_hal_tim.o
                0x0000000008006440                TIM_OC2_SetConfig
 .text.TIM_OC3_SetConfig
                0x000000000800652c       0xe8 Drivers/STM32F4xx_HAL_Driver/Src/stm32f4xx_hal_tim.o
 .text.TIM_OC4_SetConfig
                0x0000000008006614       0xac Drivers/STM32F4xx_HAL_Driver/Src/stm32f4xx_hal_tim.o
 .text.TIM_CCxChannelCmd
                0x00000000080066c0       0x4a Drivers/STM32F4xx_HAL_Driver/Src/stm32f4xx_hal_tim.o
                0x00000000080066c0                TIM_CCxChannelCmd
 *fill*         0x000000000800670a        0x2 
 .text.HAL_TIMEx_MasterConfigSynchronization
                0x000000000800670c       0xf8 Drivers/STM32F4xx_HAL_Driver/Src/stm32f4xx_hal_tim_ex.o
                0x000000000800670c                HAL_TIMEx_MasterConfigSynchronization
 .text.HAL_TIMEx_ConfigBreakDeadTime
                0x0000000008006804       0xa4 Drivers/STM32F4xx_HAL_Driver/Src/stm32f4xx_hal_tim_ex.o
                0x0000000008006804                HAL_TIMEx_ConfigBreakDeadTime
 .text.HAL_TIMEx_CommutCallback
                0x00000000080068a8       0x14 Drivers/STM32F4xx_HAL_Driver/Src/stm32f4xx_hal_tim_ex.o
                0x00000000080068a8                HAL_TIMEx_CommutCallback
 .text.HAL_TIMEx_BreakCallback
                0x00000000080068bc       0x14 Drivers/STM32F4xx_HAL_Driver/Src/stm32f4xx_hal_tim_ex.o
                0x00000000080068bc                HAL_TIMEx_BreakCallback
 .text.HAL_UART_Init
                0x00000000080068d0       0x9a Drivers/STM32F4xx_HAL_Driver/Src/stm32f4xx_hal_uart.o
                0x00000000080068d0                HAL_UART_Init
 *fill*         0x000000000800696a        0x2 
 .text.UART_SetConfig
                0x000000000800696c      0x6f8 Drivers/STM32F4xx_HAL_Driver/Src/stm32f4xx_hal_uart.o
 .text.__libc_init_array
                0x0000000008007064       0x48 c:/st/stm32cubeide_1.5.1/stm32cubeide/plugins/com.st.stm32cube.ide.mcu.externaltools.gnu-tools-for-stm32.7-2018-q2-update.win32_1.5.0.202011040924/tools/bin/../lib/gcc/arm-none-eabi/7.3.1/../../../../arm-none-eabi/lib/thumb/v7e-m/fpv4-sp/hard\libc_nano.a(lib_a-init.o)
                0x0000000008007064                __libc_init_array
 .text.memset   0x00000000080070ac       0x10 c:/st/stm32cubeide_1.5.1/stm32cubeide/plugins/com.st.stm32cube.ide.mcu.externaltools.gnu-tools-for-stm32.7-2018-q2-update.win32_1.5.0.202011040924/tools/bin/../lib/gcc/arm-none-eabi/7.3.1/../../../../arm-none-eabi/lib/thumb/v7e-m/fpv4-sp/hard\libc_nano.a(lib_a-memset.o)
                0x00000000080070ac                memset
 *(.glue_7)
 .glue_7        0x00000000080070bc        0x0 linker stubs
 *(.glue_7t)
 .glue_7t       0x00000000080070bc        0x0 linker stubs
 *(.eh_frame)
 .eh_frame      0x00000000080070bc        0x0 c:/st/stm32cubeide_1.5.1/stm32cubeide/plugins/com.st.stm32cube.ide.mcu.externaltools.gnu-tools-for-stm32.7-2018-q2-update.win32_1.5.0.202011040924/tools/bin/../lib/gcc/arm-none-eabi/7.3.1/thumb/v7e-m/fpv4-sp/hard/crtbegin.o
 *(.init)
 .init          0x00000000080070bc        0x4 c:/st/stm32cubeide_1.5.1/stm32cubeide/plugins/com.st.stm32cube.ide.mcu.externaltools.gnu-tools-for-stm32.7-2018-q2-update.win32_1.5.0.202011040924/tools/bin/../lib/gcc/arm-none-eabi/7.3.1/thumb/v7e-m/fpv4-sp/hard/crti.o
                0x00000000080070bc                _init
 .init          0x00000000080070c0        0x8 c:/st/stm32cubeide_1.5.1/stm32cubeide/plugins/com.st.stm32cube.ide.mcu.externaltools.gnu-tools-for-stm32.7-2018-q2-update.win32_1.5.0.202011040924/tools/bin/../lib/gcc/arm-none-eabi/7.3.1/thumb/v7e-m/fpv4-sp/hard/crtn.o
 *(.fini)
 .fini          0x00000000080070c8        0x4 c:/st/stm32cubeide_1.5.1/stm32cubeide/plugins/com.st.stm32cube.ide.mcu.externaltools.gnu-tools-for-stm32.7-2018-q2-update.win32_1.5.0.202011040924/tools/bin/../lib/gcc/arm-none-eabi/7.3.1/thumb/v7e-m/fpv4-sp/hard/crti.o
                0x00000000080070c8                _fini
 .fini          0x00000000080070cc        0x8 c:/st/stm32cubeide_1.5.1/stm32cubeide/plugins/com.st.stm32cube.ide.mcu.externaltools.gnu-tools-for-stm32.7-2018-q2-update.win32_1.5.0.202011040924/tools/bin/../lib/gcc/arm-none-eabi/7.3.1/thumb/v7e-m/fpv4-sp/hard/crtn.o
                0x00000000080070d4                . = ALIGN (0x4)
                0x00000000080070d4                _etext = .

.vfp11_veneer   0x00000000080070d4        0x0
 .vfp11_veneer  0x00000000080070d4        0x0 linker stubs

.v4_bx          0x00000000080070d4        0x0
 .v4_bx         0x00000000080070d4        0x0 linker stubs

.iplt           0x00000000080070d4        0x0
 .iplt          0x00000000080070d4        0x0 c:/st/stm32cubeide_1.5.1/stm32cubeide/plugins/com.st.stm32cube.ide.mcu.externaltools.gnu-tools-for-stm32.7-2018-q2-update.win32_1.5.0.202011040924/tools/bin/../lib/gcc/arm-none-eabi/7.3.1/thumb/v7e-m/fpv4-sp/hard/crtbegin.o

.rodata         0x00000000080070d4       0x20
                0x00000000080070d4                . = ALIGN (0x4)
 *(.rodata)
 *(.rodata*)
 .rodata.AHBPrescTable
                0x00000000080070d4       0x10 Core/Src/system_stm32f4xx.o
                0x00000000080070d4                AHBPrescTable
 .rodata.APBPrescTable
                0x00000000080070e4        0x8 Core/Src/system_stm32f4xx.o
                0x00000000080070e4                APBPrescTable
 .rodata.flagBitshiftOffset.8538
                0x00000000080070ec        0x8 Drivers/STM32F4xx_HAL_Driver/Src/stm32f4xx_hal_dma.o
                0x00000000080070f4                . = ALIGN (0x4)

.ARM.extab      0x00000000080070f4        0x0
                0x00000000080070f4                . = ALIGN (0x4)
 *(.ARM.extab* .gnu.linkonce.armextab.*)
                0x00000000080070f4                . = ALIGN (0x4)

.ARM            0x00000000080070f4        0x8
                0x00000000080070f4                . = ALIGN (0x4)
                0x00000000080070f4                __exidx_start = .
 *(.ARM.exidx*)
 .ARM.exidx     0x00000000080070f4        0x8 c:/st/stm32cubeide_1.5.1/stm32cubeide/plugins/com.st.stm32cube.ide.mcu.externaltools.gnu-tools-for-stm32.7-2018-q2-update.win32_1.5.0.202011040924/tools/bin/../lib/gcc/arm-none-eabi/7.3.1/thumb/v7e-m/fpv4-sp/hard\libgcc.a(_udivmoddi4.o)
                0x00000000080070fc                __exidx_end = .
                0x00000000080070fc                . = ALIGN (0x4)

.rel.dyn        0x00000000080070fc        0x0
 .rel.iplt      0x00000000080070fc        0x0 c:/st/stm32cubeide_1.5.1/stm32cubeide/plugins/com.st.stm32cube.ide.mcu.externaltools.gnu-tools-for-stm32.7-2018-q2-update.win32_1.5.0.202011040924/tools/bin/../lib/gcc/arm-none-eabi/7.3.1/thumb/v7e-m/fpv4-sp/hard/crtbegin.o

.preinit_array  0x00000000080070fc        0x0
                0x00000000080070fc                . = ALIGN (0x4)
                0x00000000080070fc                PROVIDE (__preinit_array_start = .)
 *(.preinit_array*)
                0x00000000080070fc                PROVIDE (__preinit_array_end = .)
                0x00000000080070fc                . = ALIGN (0x4)

.init_array     0x00000000080070fc        0x4
                0x00000000080070fc                . = ALIGN (0x4)
                0x00000000080070fc                PROVIDE (__init_array_start = .)
 *(SORT_BY_NAME(.init_array.*))
 *(.init_array*)
 .init_array    0x00000000080070fc        0x4 c:/st/stm32cubeide_1.5.1/stm32cubeide/plugins/com.st.stm32cube.ide.mcu.externaltools.gnu-tools-for-stm32.7-2018-q2-update.win32_1.5.0.202011040924/tools/bin/../lib/gcc/arm-none-eabi/7.3.1/thumb/v7e-m/fpv4-sp/hard/crtbegin.o
                0x0000000008007100                PROVIDE (__init_array_end = .)
                0x0000000008007100                . = ALIGN (0x4)

.fini_array     0x0000000008007100        0x4
                0x0000000008007100                . = ALIGN (0x4)
                [!provide]                        PROVIDE (__fini_array_start = .)
 *(SORT_BY_NAME(.fini_array.*))
 *(.fini_array*)
 .fini_array    0x0000000008007100        0x4 c:/st/stm32cubeide_1.5.1/stm32cubeide/plugins/com.st.stm32cube.ide.mcu.externaltools.gnu-tools-for-stm32.7-2018-q2-update.win32_1.5.0.202011040924/tools/bin/../lib/gcc/arm-none-eabi/7.3.1/thumb/v7e-m/fpv4-sp/hard/crtbegin.o
                [!provide]                        PROVIDE (__fini_array_end = .)
                0x0000000008007104                . = ALIGN (0x4)
                0x0000000008007104                _sidata = LOADADDR (.data)

.data           0x0000000020000000        0xc load address 0x0000000008007104
                0x0000000020000000                . = ALIGN (0x4)
                0x0000000020000000                _sdata = .
 *(.data)
 *(.data*)
 .data.SystemCoreClock
                0x0000000020000000        0x4 Core/Src/system_stm32f4xx.o
                0x0000000020000000                SystemCoreClock
 .data.uwTickPrio
                0x0000000020000004        0x4 Drivers/STM32F4xx_HAL_Driver/Src/stm32f4xx_hal.o
                0x0000000020000004                uwTickPrio
 .data.uwTickFreq
                0x0000000020000008        0x1 Drivers/STM32F4xx_HAL_Driver/Src/stm32f4xx_hal.o
                0x0000000020000008                uwTickFreq
 *(.RamFunc)
 *(.RamFunc*)
                0x000000002000000c                . = ALIGN (0x4)
 *fill*         0x0000000020000009        0x3 
                0x000000002000000c                _edata = .

.igot.plt       0x000000002000000c        0x0 load address 0x0000000008007110
 .igot.plt      0x000000002000000c        0x0 c:/st/stm32cubeide_1.5.1/stm32cubeide/plugins/com.st.stm32cube.ide.mcu.externaltools.gnu-tools-for-stm32.7-2018-q2-update.win32_1.5.0.202011040924/tools/bin/../lib/gcc/arm-none-eabi/7.3.1/thumb/v7e-m/fpv4-sp/hard/crtbegin.o
                0x000000002000000c                . = ALIGN (0x4)

.bss            0x0000000020000010      0x500 load address 0x0000000008007110
                0x0000000020000010                _sbss = .
                0x0000000020000010                __bss_start__ = _sbss
 *(.bss)
 .bss           0x0000000020000010       0x1c c:/st/stm32cubeide_1.5.1/stm32cubeide/plugins/com.st.stm32cube.ide.mcu.externaltools.gnu-tools-for-stm32.7-2018-q2-update.win32_1.5.0.202011040924/tools/bin/../lib/gcc/arm-none-eabi/7.3.1/thumb/v7e-m/fpv4-sp/hard/crtbegin.o
 *(.bss*)
 .bss.sen0      0x000000002000002c       0x14 Core/Src/LineChase.o
 .bss.sen1      0x0000000020000040       0x14 Core/Src/LineChase.o
 .bss.sen2      0x0000000020000054       0x14 Core/Src/LineChase.o
 .bss.sen3      0x0000000020000068       0x14 Core/Src/LineChase.o
 .bss.sen4      0x000000002000007c       0x14 Core/Src/LineChase.o
 .bss.sen5      0x0000000020000090       0x14 Core/Src/LineChase.o
 .bss.sen6      0x00000000200000a4       0x14 Core/Src/LineChase.o
 .bss.sen7      0x00000000200000b8       0x14 Core/Src/LineChase.o
 .bss.sen8      0x00000000200000cc       0x14 Core/Src/LineChase.o
 .bss.sen9      0x00000000200000e0       0x14 Core/Src/LineChase.o
 .bss.sen10     0x00000000200000f4       0x14 Core/Src/LineChase.o
 .bss.sen11     0x0000000020000108       0x14 Core/Src/LineChase.o
 .bss.index.8486
                0x000000002000011c        0x1 Core/Src/LineChase.o
 *fill*         0x000000002000011d        0x3 
 .bss.i.8495    0x0000000020000120        0x8 Core/Src/LineChase.o
 .bss.pre_def.8500
                0x0000000020000128        0x8 Core/Src/LineChase.o
 .bss.cnt_L.8503
                0x0000000020000130        0x2 Core/Src/LineChase.o
 .bss.cnt_R.8504
                0x0000000020000132        0x2 Core/Src/LineChase.o
 *(COMMON)
 *fill*         0x0000000020000134        0x4 
 COMMON         0x0000000020000138       0x8c Core/Src/LineChase.o
                0x0000000020000138                sensor11
                0x000000002000013a                side_sensor_R
                0x000000002000013c                sensor0
                0x0000000020000140                htim8
                0x0000000020000180                mon_cnt
                0x0000000020000188                mon_def
                0x0000000020000190                sensor7
                0x0000000020000192                sensor10
                0x0000000020000194                motor_R
                0x0000000020000196                sensor6
                0x0000000020000198                sensor3
                0x00000000200001a0                mon_pid
                0x00000000200001a8                mon_cnt_L
                0x00000000200001aa                mon_cnt_R
                0x00000000200001ac                sensor9
                0x00000000200001ae                motor_L
                0x00000000200001b0                sensor5
                0x00000000200001b2                sensor4
                0x00000000200001b4                sensor1
                0x00000000200001b6                mon_rev_R
                0x00000000200001b8                mon_rev_L
                0x00000000200001ba                side_sensor_L
                0x00000000200001bc                sensor8
                0x00000000200001be                sensor2
                0x00000000200001c0                speed_L
                0x00000000200001c2                speed_R
 COMMON         0x00000000200001c4        0xc Core/Src/MPU6500.o
                0x00000000200001c4                zg
                0x00000000200001c6                za
                0x00000000200001c8                xa
                0x00000000200001ca                yg
                0x00000000200001cc                xg
                0x00000000200001ce                ya
 COMMON         0x00000000200001d0      0x33c Core/Src/main.o
                0x00000000200001d0                analog
                0x00000000200001e8                timer
                0x00000000200001ec                htim4
                0x000000002000022c                hi2c1
                0x0000000020000280                htim3
                0x00000000200002c0                hspi3
                0x0000000020000318                pattern
                0x000000002000031c                hadc1
                0x0000000020000364                huart1
                0x00000000200003a4                hdma_adc1
                0x0000000020000404                htim6
                0x0000000020000444                timer1
                0x0000000020000448                htim2
                0x0000000020000488                mon_who
                0x000000002000048c                htim12
                0x00000000200004cc                htim7
 COMMON         0x000000002000050c        0x4 Drivers/STM32F4xx_HAL_Driver/Src/stm32f4xx_hal.o
                0x000000002000050c                uwTick
                0x0000000020000510                . = ALIGN (0x4)
                0x0000000020000510                _ebss = .
                0x0000000020000510                __bss_end__ = _ebss

._user_heap_stack
                0x0000000020000510      0x600 load address 0x0000000008007110
                0x0000000020000510                . = ALIGN (0x8)
                [!provide]                        PROVIDE (end = .)
                0x0000000020000510                PROVIDE (_end = .)
                0x0000000020000710                . = (. + _Min_Heap_Size)
 *fill*         0x0000000020000510      0x200 
                0x0000000020000b10                . = (. + _Min_Stack_Size)
 *fill*         0x0000000020000710      0x400 
                0x0000000020000b10                . = ALIGN (0x8)

/DISCARD/
 libc.a(*)
 libm.a(*)
 libgcc.a(*)

.ARM.attributes
                0x0000000000000000       0x30
 *(.ARM.attributes)
 .ARM.attributes
                0x0000000000000000       0x22 c:/st/stm32cubeide_1.5.1/stm32cubeide/plugins/com.st.stm32cube.ide.mcu.externaltools.gnu-tools-for-stm32.7-2018-q2-update.win32_1.5.0.202011040924/tools/bin/../lib/gcc/arm-none-eabi/7.3.1/thumb/v7e-m/fpv4-sp/hard/crti.o
 .ARM.attributes
                0x0000000000000022       0x34 c:/st/stm32cubeide_1.5.1/stm32cubeide/plugins/com.st.stm32cube.ide.mcu.externaltools.gnu-tools-for-stm32.7-2018-q2-update.win32_1.5.0.202011040924/tools/bin/../lib/gcc/arm-none-eabi/7.3.1/thumb/v7e-m/fpv4-sp/hard/crtbegin.o
 .ARM.attributes
                0x0000000000000056       0x39 Core/Src/LineChase.o
 .ARM.attributes
                0x000000000000008f       0x39 Core/Src/MPU6500.o
 .ARM.attributes
                0x00000000000000c8       0x39 Core/Src/main.o
 .ARM.attributes
                0x0000000000000101       0x39 Core/Src/stm32f4xx_hal_msp.o
 .ARM.attributes
                0x000000000000013a       0x39 Core/Src/stm32f4xx_it.o
 .ARM.attributes
                0x0000000000000173       0x39 Core/Src/system_stm32f4xx.o
 .ARM.attributes
                0x00000000000001ac       0x21 Core/Startup/startup_stm32f405rgtx.o
 .ARM.attributes
                0x00000000000001cd       0x39 Drivers/STM32F4xx_HAL_Driver/Src/stm32f4xx_hal.o
 .ARM.attributes
                0x0000000000000206       0x39 Drivers/STM32F4xx_HAL_Driver/Src/stm32f4xx_hal_adc.o
 .ARM.attributes
                0x000000000000023f       0x39 Drivers/STM32F4xx_HAL_Driver/Src/stm32f4xx_hal_cortex.o
 .ARM.attributes
                0x0000000000000278       0x39 Drivers/STM32F4xx_HAL_Driver/Src/stm32f4xx_hal_dma.o
 .ARM.attributes
                0x00000000000002b1       0x39 Drivers/STM32F4xx_HAL_Driver/Src/stm32f4xx_hal_gpio.o
 .ARM.attributes
                0x00000000000002ea       0x39 Drivers/STM32F4xx_HAL_Driver/Src/stm32f4xx_hal_i2c.o
 .ARM.attributes
                0x0000000000000323       0x39 Drivers/STM32F4xx_HAL_Driver/Src/stm32f4xx_hal_rcc.o
 .ARM.attributes
                0x000000000000035c       0x39 Drivers/STM32F4xx_HAL_Driver/Src/stm32f4xx_hal_spi.o
 .ARM.attributes
                0x0000000000000395       0x39 Drivers/STM32F4xx_HAL_Driver/Src/stm32f4xx_hal_tim.o
 .ARM.attributes
                0x00000000000003ce       0x39 Drivers/STM32F4xx_HAL_Driver/Src/stm32f4xx_hal_tim_ex.o
 .ARM.attributes
                0x0000000000000407       0x39 Drivers/STM32F4xx_HAL_Driver/Src/stm32f4xx_hal_uart.o
 .ARM.attributes
                0x0000000000000440       0x34 c:/st/stm32cubeide_1.5.1/stm32cubeide/plugins/com.st.stm32cube.ide.mcu.externaltools.gnu-tools-for-stm32.7-2018-q2-update.win32_1.5.0.202011040924/tools/bin/../lib/gcc/arm-none-eabi/7.3.1/../../../../arm-none-eabi/lib/thumb/v7e-m/fpv4-sp/hard\libc_nano.a(lib_a-init.o)
 .ARM.attributes
                0x0000000000000474       0x34 c:/st/stm32cubeide_1.5.1/stm32cubeide/plugins/com.st.stm32cube.ide.mcu.externaltools.gnu-tools-for-stm32.7-2018-q2-update.win32_1.5.0.202011040924/tools/bin/../lib/gcc/arm-none-eabi/7.3.1/../../../../arm-none-eabi/lib/thumb/v7e-m/fpv4-sp/hard\libc_nano.a(lib_a-memset.o)
 .ARM.attributes
                0x00000000000004a8       0x22 c:/st/stm32cubeide_1.5.1/stm32cubeide/plugins/com.st.stm32cube.ide.mcu.externaltools.gnu-tools-for-stm32.7-2018-q2-update.win32_1.5.0.202011040924/tools/bin/../lib/gcc/arm-none-eabi/7.3.1/thumb/v7e-m/fpv4-sp/hard\libgcc.a(_arm_addsubdf3.o)
 .ARM.attributes
                0x00000000000004ca       0x22 c:/st/stm32cubeide_1.5.1/stm32cubeide/plugins/com.st.stm32cube.ide.mcu.externaltools.gnu-tools-for-stm32.7-2018-q2-update.win32_1.5.0.202011040924/tools/bin/../lib/gcc/arm-none-eabi/7.3.1/thumb/v7e-m/fpv4-sp/hard\libgcc.a(_arm_muldivdf3.o)
 .ARM.attributes
                0x00000000000004ec       0x22 c:/st/stm32cubeide_1.5.1/stm32cubeide/plugins/com.st.stm32cube.ide.mcu.externaltools.gnu-tools-for-stm32.7-2018-q2-update.win32_1.5.0.202011040924/tools/bin/../lib/gcc/arm-none-eabi/7.3.1/thumb/v7e-m/fpv4-sp/hard\libgcc.a(_arm_fixdfsi.o)
 .ARM.attributes
                0x000000000000050e       0x22 c:/st/stm32cubeide_1.5.1/stm32cubeide/plugins/com.st.stm32cube.ide.mcu.externaltools.gnu-tools-for-stm32.7-2018-q2-update.win32_1.5.0.202011040924/tools/bin/../lib/gcc/arm-none-eabi/7.3.1/thumb/v7e-m/fpv4-sp/hard\libgcc.a(_aeabi_uldivmod.o)
 .ARM.attributes
                0x0000000000000530       0x34 c:/st/stm32cubeide_1.5.1/stm32cubeide/plugins/com.st.stm32cube.ide.mcu.externaltools.gnu-tools-for-stm32.7-2018-q2-update.win32_1.5.0.202011040924/tools/bin/../lib/gcc/arm-none-eabi/7.3.1/thumb/v7e-m/fpv4-sp/hard\libgcc.a(_udivmoddi4.o)
 .ARM.attributes
                0x0000000000000564       0x22 c:/st/stm32cubeide_1.5.1/stm32cubeide/plugins/com.st.stm32cube.ide.mcu.externaltools.gnu-tools-for-stm32.7-2018-q2-update.win32_1.5.0.202011040924/tools/bin/../lib/gcc/arm-none-eabi/7.3.1/thumb/v7e-m/fpv4-sp/hard\libgcc.a(_dvmd_tls.o)
 .ARM.attributes
                0x0000000000000586       0x22 c:/st/stm32cubeide_1.5.1/stm32cubeide/plugins/com.st.stm32cube.ide.mcu.externaltools.gnu-tools-for-stm32.7-2018-q2-update.win32_1.5.0.202011040924/tools/bin/../lib/gcc/arm-none-eabi/7.3.1/thumb/v7e-m/fpv4-sp/hard/crtn.o
OUTPUT(Robotracer_Ryuku_Software.elf elf32-littlearm)

.debug_info     0x0000000000000000    0x11b3a
 .debug_info    0x0000000000000000      0xb21 Core/Src/LineChase.o
 .debug_info    0x0000000000000b21      0x8dc Core/Src/MPU6500.o
 .debug_info    0x00000000000013fd     0x1c97 Core/Src/main.o
 .debug_info    0x0000000000003094     0x1a01 Core/Src/stm32f4xx_hal_msp.o
 .debug_info    0x0000000000004a95      0xa2b Core/Src/stm32f4xx_it.o
 .debug_info    0x00000000000054c0      0x554 Core/Src/system_stm32f4xx.o
 .debug_info    0x0000000000005a14       0x22 Core/Startup/startup_stm32f405rgtx.o
 .debug_info    0x0000000000005a36      0x933 Drivers/STM32F4xx_HAL_Driver/Src/stm32f4xx_hal.o
 .debug_info    0x0000000000006369      0xcee Drivers/STM32F4xx_HAL_Driver/Src/stm32f4xx_hal_adc.o
 .debug_info    0x0000000000007057      0xe16 Drivers/STM32F4xx_HAL_Driver/Src/stm32f4xx_hal_cortex.o
 .debug_info    0x0000000000007e6d      0x968 Drivers/STM32F4xx_HAL_Driver/Src/stm32f4xx_hal_dma.o
 .debug_info    0x00000000000087d5      0x7b5 Drivers/STM32F4xx_HAL_Driver/Src/stm32f4xx_hal_gpio.o
 .debug_info    0x0000000000008f8a     0x2426 Drivers/STM32F4xx_HAL_Driver/Src/stm32f4xx_hal_i2c.o
 .debug_info    0x000000000000b3b0      0x904 Drivers/STM32F4xx_HAL_Driver/Src/stm32f4xx_hal_rcc.o
 .debug_info    0x000000000000bcb4     0x163a Drivers/STM32F4xx_HAL_Driver/Src/stm32f4xx_hal_spi.o
 .debug_info    0x000000000000d2ee     0x24a9 Drivers/STM32F4xx_HAL_Driver/Src/stm32f4xx_hal_tim.o
 .debug_info    0x000000000000f797     0x1157 Drivers/STM32F4xx_HAL_Driver/Src/stm32f4xx_hal_tim_ex.o
 .debug_info    0x00000000000108ee     0x124c Drivers/STM32F4xx_HAL_Driver/Src/stm32f4xx_hal_uart.o

.debug_abbrev   0x0000000000000000     0x22b9
 .debug_abbrev  0x0000000000000000      0x1ca Core/Src/LineChase.o
 .debug_abbrev  0x00000000000001ca      0x1e4 Core/Src/MPU6500.o
 .debug_abbrev  0x00000000000003ae      0x24c Core/Src/main.o
 .debug_abbrev  0x00000000000005fa      0x1f8 Core/Src/stm32f4xx_hal_msp.o
 .debug_abbrev  0x00000000000007f2      0x169 Core/Src/stm32f4xx_it.o
 .debug_abbrev  0x000000000000095b      0x12b Core/Src/system_stm32f4xx.o
 .debug_abbrev  0x0000000000000a86       0x12 Core/Startup/startup_stm32f405rgtx.o
 .debug_abbrev  0x0000000000000a98      0x1c7 Drivers/STM32F4xx_HAL_Driver/Src/stm32f4xx_hal.o
 .debug_abbrev  0x0000000000000c5f      0x205 Drivers/STM32F4xx_HAL_Driver/Src/stm32f4xx_hal_adc.o
 .debug_abbrev  0x0000000000000e64      0x2fa Drivers/STM32F4xx_HAL_Driver/Src/stm32f4xx_hal_cortex.o
 .debug_abbrev  0x000000000000115e      0x229 Drivers/STM32F4xx_HAL_Driver/Src/stm32f4xx_hal_dma.o
 .debug_abbrev  0x0000000000001387      0x1c9 Drivers/STM32F4xx_HAL_Driver/Src/stm32f4xx_hal_gpio.o
 .debug_abbrev  0x0000000000001550      0x254 Drivers/STM32F4xx_HAL_Driver/Src/stm32f4xx_hal_i2c.o
 .debug_abbrev  0x00000000000017a4      0x245 Drivers/STM32F4xx_HAL_Driver/Src/stm32f4xx_hal_rcc.o
 .debug_abbrev  0x00000000000019e9      0x240 Drivers/STM32F4xx_HAL_Driver/Src/stm32f4xx_hal_spi.o
 .debug_abbrev  0x0000000000001c29      0x230 Drivers/STM32F4xx_HAL_Driver/Src/stm32f4xx_hal_tim.o
 .debug_abbrev  0x0000000000001e59      0x21e Drivers/STM32F4xx_HAL_Driver/Src/stm32f4xx_hal_tim_ex.o
 .debug_abbrev  0x0000000000002077      0x242 Drivers/STM32F4xx_HAL_Driver/Src/stm32f4xx_hal_uart.o

.debug_aranges  0x0000000000000000     0x1220
 .debug_aranges
                0x0000000000000000       0x40 Core/Src/LineChase.o
 .debug_aranges
                0x0000000000000040       0x40 Core/Src/MPU6500.o
 .debug_aranges
                0x0000000000000080       0xa0 Core/Src/main.o
 .debug_aranges
                0x0000000000000120       0x98 Core/Src/stm32f4xx_hal_msp.o
 .debug_aranges
                0x00000000000001b8       0x80 Core/Src/stm32f4xx_it.o
 .debug_aranges
                0x0000000000000238       0x28 Core/Src/system_stm32f4xx.o
 .debug_aranges
                0x0000000000000260       0x28 Core/Startup/startup_stm32f405rgtx.o
 .debug_aranges
                0x0000000000000288       0xf0 Drivers/STM32F4xx_HAL_Driver/Src/stm32f4xx_hal.o
 .debug_aranges
                0x0000000000000378       0xe8 Drivers/STM32F4xx_HAL_Driver/Src/stm32f4xx_hal_adc.o
 .debug_aranges
                0x0000000000000460      0x118 Drivers/STM32F4xx_HAL_Driver/Src/stm32f4xx_hal_cortex.o
 .debug_aranges
                0x0000000000000578       0x90 Drivers/STM32F4xx_HAL_Driver/Src/stm32f4xx_hal_dma.o
 .debug_aranges
                0x0000000000000608       0x58 Drivers/STM32F4xx_HAL_Driver/Src/stm32f4xx_hal_gpio.o
 .debug_aranges
                0x0000000000000660      0x2a0 Drivers/STM32F4xx_HAL_Driver/Src/stm32f4xx_hal_i2c.o
 .debug_aranges
                0x0000000000000900       0x88 Drivers/STM32F4xx_HAL_Driver/Src/stm32f4xx_hal_rcc.o
 .debug_aranges
                0x0000000000000988      0x1d0 Drivers/STM32F4xx_HAL_Driver/Src/stm32f4xx_hal_spi.o
 .debug_aranges
                0x0000000000000b58      0x3a8 Drivers/STM32F4xx_HAL_Driver/Src/stm32f4xx_hal_tim.o
 .debug_aranges
                0x0000000000000f00      0x150 Drivers/STM32F4xx_HAL_Driver/Src/stm32f4xx_hal_tim_ex.o
 .debug_aranges
                0x0000000000001050      0x1d0 Drivers/STM32F4xx_HAL_Driver/Src/stm32f4xx_hal_uart.o

.debug_ranges   0x0000000000000000     0x1130
 .debug_ranges  0x0000000000000000       0x30 Core/Src/LineChase.o
 .debug_ranges  0x0000000000000030       0x30 Core/Src/MPU6500.o
 .debug_ranges  0x0000000000000060       0x90 Core/Src/main.o
 .debug_ranges  0x00000000000000f0       0x88 Core/Src/stm32f4xx_hal_msp.o
 .debug_ranges  0x0000000000000178       0x70 Core/Src/stm32f4xx_it.o
 .debug_ranges  0x00000000000001e8       0x18 Core/Src/system_stm32f4xx.o
 .debug_ranges  0x0000000000000200       0x20 Core/Startup/startup_stm32f405rgtx.o
 .debug_ranges  0x0000000000000220       0xe0 Drivers/STM32F4xx_HAL_Driver/Src/stm32f4xx_hal.o
 .debug_ranges  0x0000000000000300       0xd8 Drivers/STM32F4xx_HAL_Driver/Src/stm32f4xx_hal_adc.o
 .debug_ranges  0x00000000000003d8      0x108 Drivers/STM32F4xx_HAL_Driver/Src/stm32f4xx_hal_cortex.o
 .debug_ranges  0x00000000000004e0       0x80 Drivers/STM32F4xx_HAL_Driver/Src/stm32f4xx_hal_dma.o
 .debug_ranges  0x0000000000000560       0x48 Drivers/STM32F4xx_HAL_Driver/Src/stm32f4xx_hal_gpio.o
 .debug_ranges  0x00000000000005a8      0x2b8 Drivers/STM32F4xx_HAL_Driver/Src/stm32f4xx_hal_i2c.o
 .debug_ranges  0x0000000000000860       0x78 Drivers/STM32F4xx_HAL_Driver/Src/stm32f4xx_hal_rcc.o
 .debug_ranges  0x00000000000008d8      0x1c0 Drivers/STM32F4xx_HAL_Driver/Src/stm32f4xx_hal_spi.o
 .debug_ranges  0x0000000000000a98      0x398 Drivers/STM32F4xx_HAL_Driver/Src/stm32f4xx_hal_tim.o
 .debug_ranges  0x0000000000000e30      0x140 Drivers/STM32F4xx_HAL_Driver/Src/stm32f4xx_hal_tim_ex.o
 .debug_ranges  0x0000000000000f70      0x1c0 Drivers/STM32F4xx_HAL_Driver/Src/stm32f4xx_hal_uart.o

.debug_macro    0x0000000000000000    0x1fd56
 .debug_macro   0x0000000000000000      0x232 Core/Src/LineChase.o
 .debug_macro   0x0000000000000232      0xa5a Core/Src/LineChase.o
 .debug_macro   0x0000000000000c8c       0x10 Core/Src/LineChase.o
 .debug_macro   0x0000000000000c9c      0x2a6 Core/Src/LineChase.o
 .debug_macro   0x0000000000000f42       0x2e Core/Src/LineChase.o
 .debug_macro   0x0000000000000f70       0x2f Core/Src/LineChase.o
 .debug_macro   0x0000000000000f9f       0x22 Core/Src/LineChase.o
 .debug_macro   0x0000000000000fc1       0x8e Core/Src/LineChase.o
 .debug_macro   0x000000000000104f       0x51 Core/Src/LineChase.o
 .debug_macro   0x00000000000010a0       0xef Core/Src/LineChase.o
 .debug_macro   0x000000000000118f       0x6a Core/Src/LineChase.o
 .debug_macro   0x00000000000011f9      0x1df Core/Src/LineChase.o
 .debug_macro   0x00000000000013d8       0x1c Core/Src/LineChase.o
 .debug_macro   0x00000000000013f4       0x22 Core/Src/LineChase.o
 .debug_macro   0x0000000000001416       0xdf Core/Src/LineChase.o
 .debug_macro   0x00000000000014f5     0x102d Core/Src/LineChase.o
 .debug_macro   0x0000000000002522      0x11f Core/Src/LineChase.o
 .debug_macro   0x0000000000002641    0x14251 Core/Src/LineChase.o
 .debug_macro   0x0000000000016892       0x43 Core/Src/LineChase.o
 .debug_macro   0x00000000000168d5     0x3659 Core/Src/LineChase.o
 .debug_macro   0x0000000000019f2e      0x174 Core/Src/LineChase.o
 .debug_macro   0x000000000001a0a2       0x5a Core/Src/LineChase.o
 .debug_macro   0x000000000001a0fc      0x8a7 Core/Src/LineChase.o
 .debug_macro   0x000000000001a9a3      0x9fe Core/Src/LineChase.o
 .debug_macro   0x000000000001b3a1      0x117 Core/Src/LineChase.o
 .debug_macro   0x000000000001b4b8      0x130 Core/Src/LineChase.o
 .debug_macro   0x000000000001b5e8       0x27 Core/Src/LineChase.o
 .debug_macro   0x000000000001b60f      0x174 Core/Src/LineChase.o
 .debug_macro   0x000000000001b783      0x287 Core/Src/LineChase.o
 .debug_macro   0x000000000001ba0a       0x5f Core/Src/LineChase.o
 .debug_macro   0x000000000001ba69      0x236 Core/Src/LineChase.o
 .debug_macro   0x000000000001bc9f      0x391 Core/Src/LineChase.o
 .debug_macro   0x000000000001c030      0x176 Core/Src/LineChase.o
 .debug_macro   0x000000000001c1a6       0xf9 Core/Src/LineChase.o
 .debug_macro   0x000000000001c29f      0x12c Core/Src/LineChase.o
 .debug_macro   0x000000000001c3cb      0x21e Core/Src/LineChase.o
 .debug_macro   0x000000000001c5e9       0x2e Core/Src/LineChase.o
 .debug_macro   0x000000000001c617      0x1b5 Core/Src/LineChase.o
 .debug_macro   0x000000000001c7cc       0xd6 Core/Src/LineChase.o
 .debug_macro   0x000000000001c8a2      0x11a Core/Src/LineChase.o
 .debug_macro   0x000000000001c9bc       0x7e Core/Src/LineChase.o
 .debug_macro   0x000000000001ca3a       0x89 Core/Src/LineChase.o
 .debug_macro   0x000000000001cac3      0x225 Core/Src/LineChase.o
 .debug_macro   0x000000000001cce8      0x8a0 Core/Src/LineChase.o
 .debug_macro   0x000000000001d588       0x47 Core/Src/LineChase.o
 .debug_macro   0x000000000001d5cf      0x287 Core/Src/LineChase.o
 .debug_macro   0x000000000001d856      0x12d Core/Src/LineChase.o
 .debug_macro   0x000000000001d983       0xf4 Core/Src/LineChase.o
 .debug_macro   0x000000000001da77       0x10 Core/Src/LineChase.o
 .debug_macro   0x000000000001da87      0x23b Core/Src/MPU6500.o
 .debug_macro   0x000000000001dcc2       0x28 Core/Src/MPU6500.o
 .debug_macro   0x000000000001dcea      0x239 Core/Src/main.o
 .debug_macro   0x000000000001df23       0x2e Core/Src/main.o
 .debug_macro   0x000000000001df51      0x22c Core/Src/stm32f4xx_hal_msp.o
 .debug_macro   0x000000000001e17d      0x236 Core/Src/stm32f4xx_it.o
 .debug_macro   0x000000000001e3b3      0x211 Core/Src/system_stm32f4xx.o
 .debug_macro   0x000000000001e5c4      0x26b Drivers/STM32F4xx_HAL_Driver/Src/stm32f4xx_hal.o
 .debug_macro   0x000000000001e82f      0x20c Drivers/STM32F4xx_HAL_Driver/Src/stm32f4xx_hal_adc.o
 .debug_macro   0x000000000001ea3b      0x20b Drivers/STM32F4xx_HAL_Driver/Src/stm32f4xx_hal_cortex.o
 .debug_macro   0x000000000001ec46      0x211 Drivers/STM32F4xx_HAL_Driver/Src/stm32f4xx_hal_dma.o
 .debug_macro   0x000000000001ee57      0x241 Drivers/STM32F4xx_HAL_Driver/Src/stm32f4xx_hal_gpio.o
 .debug_macro   0x000000000001f098      0x252 Drivers/STM32F4xx_HAL_Driver/Src/stm32f4xx_hal_i2c.o
 .debug_macro   0x000000000001f2ea      0x22f Drivers/STM32F4xx_HAL_Driver/Src/stm32f4xx_hal_rcc.o
 .debug_macro   0x000000000001f519      0x21a Drivers/STM32F4xx_HAL_Driver/Src/stm32f4xx_hal_spi.o
 .debug_macro   0x000000000001f733      0x20c Drivers/STM32F4xx_HAL_Driver/Src/stm32f4xx_hal_tim.o
 .debug_macro   0x000000000001f93f      0x20b Drivers/STM32F4xx_HAL_Driver/Src/stm32f4xx_hal_tim_ex.o
 .debug_macro   0x000000000001fb4a      0x20c Drivers/STM32F4xx_HAL_Driver/Src/stm32f4xx_hal_uart.o

.debug_line     0x0000000000000000     0xd32f
 .debug_line    0x0000000000000000      0x827 Core/Src/LineChase.o
 .debug_line    0x0000000000000827      0x7a2 Core/Src/MPU6500.o
 .debug_line    0x0000000000000fc9      0x9e9 Core/Src/main.o
 .debug_line    0x00000000000019b2      0x920 Core/Src/stm32f4xx_hal_msp.o
 .debug_line    0x00000000000022d2      0x839 Core/Src/stm32f4xx_it.o
 .debug_line    0x0000000000002b0b      0x755 Core/Src/system_stm32f4xx.o
 .debug_line    0x0000000000003260       0x85 Core/Startup/startup_stm32f405rgtx.o
 .debug_line    0x00000000000032e5      0x93f Drivers/STM32F4xx_HAL_Driver/Src/stm32f4xx_hal.o
 .debug_line    0x0000000000003c24      0xba4 Drivers/STM32F4xx_HAL_Driver/Src/stm32f4xx_hal_adc.o
 .debug_line    0x00000000000047c8      0xa63 Drivers/STM32F4xx_HAL_Driver/Src/stm32f4xx_hal_cortex.o
 .debug_line    0x000000000000522b      0xa0d Drivers/STM32F4xx_HAL_Driver/Src/stm32f4xx_hal_dma.o
 .debug_line    0x0000000000005c38      0x91e Drivers/STM32F4xx_HAL_Driver/Src/stm32f4xx_hal_gpio.o
 .debug_line    0x0000000000006556     0x1bed Drivers/STM32F4xx_HAL_Driver/Src/stm32f4xx_hal_i2c.o
 .debug_line    0x0000000000008143      0x997 Drivers/STM32F4xx_HAL_Driver/Src/stm32f4xx_hal_rcc.o
 .debug_line    0x0000000000008ada     0x10fb Drivers/STM32F4xx_HAL_Driver/Src/stm32f4xx_hal_spi.o
 .debug_line    0x0000000000009bd5     0x19b8 Drivers/STM32F4xx_HAL_Driver/Src/stm32f4xx_hal_tim.o
 .debug_line    0x000000000000b58d      0xd55 Drivers/STM32F4xx_HAL_Driver/Src/stm32f4xx_hal_tim_ex.o
 .debug_line    0x000000000000c2e2     0x104d Drivers/STM32F4xx_HAL_Driver/Src/stm32f4xx_hal_uart.o

.debug_str      0x0000000000000000    0xc41ac
 .debug_str     0x0000000000000000    0xbf387 Core/Src/LineChase.o
                                      0xbf6b0 (size before relaxing)
 .debug_str     0x00000000000bf387      0x2e3 Core/Src/MPU6500.o
                                      0xbf64a (size before relaxing)
 .debug_str     0x00000000000bf66a      0xf92 Core/Src/main.o
                                      0xc07f9 (size before relaxing)
 .debug_str     0x00000000000c05fc      0x187 Core/Src/stm32f4xx_hal_msp.o
                                      0xc0401 (size before relaxing)
 .debug_str     0x00000000000c0783      0x109 Core/Src/stm32f4xx_it.o
                                      0xbf7dd (size before relaxing)
 .debug_str     0x00000000000c088c       0xc4 Core/Src/system_stm32f4xx.o
                                      0xbed46 (size before relaxing)
 .debug_str     0x00000000000c0950       0x36 Core/Startup/startup_stm32f405rgtx.o
                                         0x82 (size before relaxing)
 .debug_str     0x00000000000c0986      0x58d Drivers/STM32F4xx_HAL_Driver/Src/stm32f4xx_hal.o
                                      0xbf7f2 (size before relaxing)
 .debug_str     0x00000000000c0f13      0x29d Drivers/STM32F4xx_HAL_Driver/Src/stm32f4xx_hal_adc.o
                                      0xbf2dd (size before relaxing)
 .debug_str     0x00000000000c11b0      0x392 Drivers/STM32F4xx_HAL_Driver/Src/stm32f4xx_hal_cortex.o
                                      0xbf5e1 (size before relaxing)
 .debug_str     0x00000000000c1542      0x31d Drivers/STM32F4xx_HAL_Driver/Src/stm32f4xx_hal_dma.o
                                      0xbf15b (size before relaxing)
 .debug_str     0x00000000000c185f      0x20c Drivers/STM32F4xx_HAL_Driver/Src/stm32f4xx_hal_gpio.o
                                      0xbef85 (size before relaxing)
 .debug_str     0x00000000000c1a6b      0xaae Drivers/STM32F4xx_HAL_Driver/Src/stm32f4xx_hal_i2c.o
                                      0xbfcb3 (size before relaxing)
 .debug_str     0x00000000000c2519      0x24e Drivers/STM32F4xx_HAL_Driver/Src/stm32f4xx_hal_rcc.o
                                      0xbf133 (size before relaxing)
 .debug_str     0x00000000000c2767      0x545 Drivers/STM32F4xx_HAL_Driver/Src/stm32f4xx_hal_spi.o
                                      0xbf5b4 (size before relaxing)
 .debug_str     0x00000000000c2cac      0xbeb Drivers/STM32F4xx_HAL_Driver/Src/stm32f4xx_hal_tim.o
                                      0xbfe52 (size before relaxing)
 .debug_str     0x00000000000c3897      0x40e Drivers/STM32F4xx_HAL_Driver/Src/stm32f4xx_hal_tim_ex.o
                                      0xbf652 (size before relaxing)
 .debug_str     0x00000000000c3ca5      0x507 Drivers/STM32F4xx_HAL_Driver/Src/stm32f4xx_hal_uart.o
                                      0xbf592 (size before relaxing)

.comment        0x0000000000000000       0x7b
 .comment       0x0000000000000000       0x7b Core/Src/LineChase.o
                                         0x7c (size before relaxing)
 .comment       0x000000000000007b       0x7c Core/Src/MPU6500.o
 .comment       0x000000000000007b       0x7c Core/Src/main.o
 .comment       0x000000000000007b       0x7c Core/Src/stm32f4xx_hal_msp.o
 .comment       0x000000000000007b       0x7c Core/Src/stm32f4xx_it.o
 .comment       0x000000000000007b       0x7c Core/Src/system_stm32f4xx.o
 .comment       0x000000000000007b       0x7c Drivers/STM32F4xx_HAL_Driver/Src/stm32f4xx_hal.o
 .comment       0x000000000000007b       0x7c Drivers/STM32F4xx_HAL_Driver/Src/stm32f4xx_hal_adc.o
 .comment       0x000000000000007b       0x7c Drivers/STM32F4xx_HAL_Driver/Src/stm32f4xx_hal_cortex.o
 .comment       0x000000000000007b       0x7c Drivers/STM32F4xx_HAL_Driver/Src/stm32f4xx_hal_dma.o
 .comment       0x000000000000007b       0x7c Drivers/STM32F4xx_HAL_Driver/Src/stm32f4xx_hal_gpio.o
 .comment       0x000000000000007b       0x7c Drivers/STM32F4xx_HAL_Driver/Src/stm32f4xx_hal_i2c.o
 .comment       0x000000000000007b       0x7c Drivers/STM32F4xx_HAL_Driver/Src/stm32f4xx_hal_rcc.o
 .comment       0x000000000000007b       0x7c Drivers/STM32F4xx_HAL_Driver/Src/stm32f4xx_hal_spi.o
 .comment       0x000000000000007b       0x7c Drivers/STM32F4xx_HAL_Driver/Src/stm32f4xx_hal_tim.o
 .comment       0x000000000000007b       0x7c Drivers/STM32F4xx_HAL_Driver/Src/stm32f4xx_hal_tim_ex.o
 .comment       0x000000000000007b       0x7c Drivers/STM32F4xx_HAL_Driver/Src/stm32f4xx_hal_uart.o

.debug_frame    0x0000000000000000     0x4ec4
 .debug_frame   0x0000000000000000       0xc4 Core/Src/LineChase.o
 .debug_frame   0x00000000000000c4       0xbc Core/Src/MPU6500.o
 .debug_frame   0x0000000000000180      0x248 Core/Src/main.o
 .debug_frame   0x00000000000003c8      0x25c Core/Src/stm32f4xx_hal_msp.o
 .debug_frame   0x0000000000000624      0x174 Core/Src/stm32f4xx_it.o
 .debug_frame   0x0000000000000798       0x58 Core/Src/system_stm32f4xx.o
 .debug_frame   0x00000000000007f0      0x374 Drivers/STM32F4xx_HAL_Driver/Src/stm32f4xx_hal.o
 .debug_frame   0x0000000000000b64      0x3fc Drivers/STM32F4xx_HAL_Driver/Src/stm32f4xx_hal_adc.o
 .debug_frame   0x0000000000000f60      0x498 Drivers/STM32F4xx_HAL_Driver/Src/stm32f4xx_hal_cortex.o
 .debug_frame   0x00000000000013f8      0x250 Drivers/STM32F4xx_HAL_Driver/Src/stm32f4xx_hal_dma.o
 .debug_frame   0x0000000000001648      0x14c Drivers/STM32F4xx_HAL_Driver/Src/stm32f4xx_hal_gpio.o
 .debug_frame   0x0000000000001794      0xc5c Drivers/STM32F4xx_HAL_Driver/Src/stm32f4xx_hal_i2c.o
 .debug_frame   0x00000000000023f0      0x1f0 Drivers/STM32F4xx_HAL_Driver/Src/stm32f4xx_hal_rcc.o
 .debug_frame   0x00000000000025e0      0x824 Drivers/STM32F4xx_HAL_Driver/Src/stm32f4xx_hal_spi.o
 .debug_frame   0x0000000000002e04     0x10f0 Drivers/STM32F4xx_HAL_Driver/Src/stm32f4xx_hal_tim.o
 .debug_frame   0x0000000000003ef4      0x5c0 Drivers/STM32F4xx_HAL_Driver/Src/stm32f4xx_hal_tim_ex.o
 .debug_frame   0x00000000000044b4      0x844 Drivers/STM32F4xx_HAL_Driver/Src/stm32f4xx_hal_uart.o
 .debug_frame   0x0000000000004cf8       0x2c c:/st/stm32cubeide_1.5.1/stm32cubeide/plugins/com.st.stm32cube.ide.mcu.externaltools.gnu-tools-for-stm32.7-2018-q2-update.win32_1.5.0.202011040924/tools/bin/../lib/gcc/arm-none-eabi/7.3.1/../../../../arm-none-eabi/lib/thumb/v7e-m/fpv4-sp/hard\libc_nano.a(lib_a-init.o)
 .debug_frame   0x0000000000004d24       0x20 c:/st/stm32cubeide_1.5.1/stm32cubeide/plugins/com.st.stm32cube.ide.mcu.externaltools.gnu-tools-for-stm32.7-2018-q2-update.win32_1.5.0.202011040924/tools/bin/../lib/gcc/arm-none-eabi/7.3.1/../../../../arm-none-eabi/lib/thumb/v7e-m/fpv4-sp/hard\libc_nano.a(lib_a-memset.o)
 .debug_frame   0x0000000000004d44       0xac c:/st/stm32cubeide_1.5.1/stm32cubeide/plugins/com.st.stm32cube.ide.mcu.externaltools.gnu-tools-for-stm32.7-2018-q2-update.win32_1.5.0.202011040924/tools/bin/../lib/gcc/arm-none-eabi/7.3.1/thumb/v7e-m/fpv4-sp/hard\libgcc.a(_arm_addsubdf3.o)
 .debug_frame   0x0000000000004df0       0x50 c:/st/stm32cubeide_1.5.1/stm32cubeide/plugins/com.st.stm32cube.ide.mcu.externaltools.gnu-tools-for-stm32.7-2018-q2-update.win32_1.5.0.202011040924/tools/bin/../lib/gcc/arm-none-eabi/7.3.1/thumb/v7e-m/fpv4-sp/hard\libgcc.a(_arm_muldivdf3.o)
 .debug_frame   0x0000000000004e40       0x24 c:/st/stm32cubeide_1.5.1/stm32cubeide/plugins/com.st.stm32cube.ide.mcu.externaltools.gnu-tools-for-stm32.7-2018-q2-update.win32_1.5.0.202011040924/tools/bin/../lib/gcc/arm-none-eabi/7.3.1/thumb/v7e-m/fpv4-sp/hard\libgcc.a(_arm_fixdfsi.o)
 .debug_frame   0x0000000000004e64       0x2c c:/st/stm32cubeide_1.5.1/stm32cubeide/plugins/com.st.stm32cube.ide.mcu.externaltools.gnu-tools-for-stm32.7-2018-q2-update.win32_1.5.0.202011040924/tools/bin/../lib/gcc/arm-none-eabi/7.3.1/thumb/v7e-m/fpv4-sp/hard\libgcc.a(_aeabi_uldivmod.o)
 .debug_frame   0x0000000000004e90       0x34 c:/st/stm32cubeide_1.5.1/stm32cubeide/plugins/com.st.stm32cube.ide.mcu.externaltools.gnu-tools-for-stm32.7-2018-q2-update.win32_1.5.0.202011040924/tools/bin/../lib/gcc/arm-none-eabi/7.3.1/thumb/v7e-m/fpv4-sp/hard\libgcc.a(_udivmoddi4.o)
