Archive member included to satisfy reference by file (symbol)

c:/st/stm32cubeide_1.5.1/stm32cubeide/plugins/com.st.stm32cube.ide.mcu.externaltools.gnu-tools-for-stm32.7-2018-q2-update.win32_1.5.0.202011040924/tools/bin/../lib/gcc/arm-none-eabi/7.3.1/../../../../arm-none-eabi/lib/thumb/v7e-m/fpv4-sp/hard\libc_nano.a(lib_a-errno.o)
                              Core/Src/syscalls.o (__errno)
c:/st/stm32cubeide_1.5.1/stm32cubeide/plugins/com.st.stm32cube.ide.mcu.externaltools.gnu-tools-for-stm32.7-2018-q2-update.win32_1.5.0.202011040924/tools/bin/../lib/gcc/arm-none-eabi/7.3.1/../../../../arm-none-eabi/lib/thumb/v7e-m/fpv4-sp/hard\libc_nano.a(lib_a-exit.o)
                              c:/st/stm32cubeide_1.5.1/stm32cubeide/plugins/com.st.stm32cube.ide.mcu.externaltools.gnu-tools-for-stm32.7-2018-q2-update.win32_1.5.0.202011040924/tools/bin/../lib/gcc/arm-none-eabi/7.3.1/../../../../arm-none-eabi/lib/thumb/v7e-m/fpv4-sp/hard/crt0.o (exit)
c:/st/stm32cubeide_1.5.1/stm32cubeide/plugins/com.st.stm32cube.ide.mcu.externaltools.gnu-tools-for-stm32.7-2018-q2-update.win32_1.5.0.202011040924/tools/bin/../lib/gcc/arm-none-eabi/7.3.1/../../../../arm-none-eabi/lib/thumb/v7e-m/fpv4-sp/hard\libc_nano.a(lib_a-impure.o)
                              c:/st/stm32cubeide_1.5.1/stm32cubeide/plugins/com.st.stm32cube.ide.mcu.externaltools.gnu-tools-for-stm32.7-2018-q2-update.win32_1.5.0.202011040924/tools/bin/../lib/gcc/arm-none-eabi/7.3.1/../../../../arm-none-eabi/lib/thumb/v7e-m/fpv4-sp/hard\libc_nano.a(lib_a-exit.o) (_global_impure_ptr)
c:/st/stm32cubeide_1.5.1/stm32cubeide/plugins/com.st.stm32cube.ide.mcu.externaltools.gnu-tools-for-stm32.7-2018-q2-update.win32_1.5.0.202011040924/tools/bin/../lib/gcc/arm-none-eabi/7.3.1/../../../../arm-none-eabi/lib/thumb/v7e-m/fpv4-sp/hard\libc_nano.a(lib_a-init.o)
                              c:/st/stm32cubeide_1.5.1/stm32cubeide/plugins/com.st.stm32cube.ide.mcu.externaltools.gnu-tools-for-stm32.7-2018-q2-update.win32_1.5.0.202011040924/tools/bin/../lib/gcc/arm-none-eabi/7.3.1/../../../../arm-none-eabi/lib/thumb/v7e-m/fpv4-sp/hard/crt0.o (__libc_init_array)
c:/st/stm32cubeide_1.5.1/stm32cubeide/plugins/com.st.stm32cube.ide.mcu.externaltools.gnu-tools-for-stm32.7-2018-q2-update.win32_1.5.0.202011040924/tools/bin/../lib/gcc/arm-none-eabi/7.3.1/../../../../arm-none-eabi/lib/thumb/v7e-m/fpv4-sp/hard\libc_nano.a(lib_a-memset.o)
                              c:/st/stm32cubeide_1.5.1/stm32cubeide/plugins/com.st.stm32cube.ide.mcu.externaltools.gnu-tools-for-stm32.7-2018-q2-update.win32_1.5.0.202011040924/tools/bin/../lib/gcc/arm-none-eabi/7.3.1/../../../../arm-none-eabi/lib/thumb/v7e-m/fpv4-sp/hard/crt0.o (memset)
c:/st/stm32cubeide_1.5.1/stm32cubeide/plugins/com.st.stm32cube.ide.mcu.externaltools.gnu-tools-for-stm32.7-2018-q2-update.win32_1.5.0.202011040924/tools/bin/../lib/gcc/arm-none-eabi/7.3.1/thumb/v7e-m/fpv4-sp/hard\libgcc.a(_arm_addsubdf3.o)
                              Core/Src/LineChase.o (__aeabi_dsub)
c:/st/stm32cubeide_1.5.1/stm32cubeide/plugins/com.st.stm32cube.ide.mcu.externaltools.gnu-tools-for-stm32.7-2018-q2-update.win32_1.5.0.202011040924/tools/bin/../lib/gcc/arm-none-eabi/7.3.1/thumb/v7e-m/fpv4-sp/hard\libgcc.a(_arm_muldivdf3.o)
                              Core/Src/LineChase.o (__aeabi_dmul)
c:/st/stm32cubeide_1.5.1/stm32cubeide/plugins/com.st.stm32cube.ide.mcu.externaltools.gnu-tools-for-stm32.7-2018-q2-update.win32_1.5.0.202011040924/tools/bin/../lib/gcc/arm-none-eabi/7.3.1/thumb/v7e-m/fpv4-sp/hard\libgcc.a(_arm_fixdfsi.o)
                              Core/Src/LineChase.o (__aeabi_d2iz)
c:/st/stm32cubeide_1.5.1/stm32cubeide/plugins/com.st.stm32cube.ide.mcu.externaltools.gnu-tools-for-stm32.7-2018-q2-update.win32_1.5.0.202011040924/tools/bin/../lib/gcc/arm-none-eabi/7.3.1/thumb/v7e-m/fpv4-sp/hard\libgcc.a(_aeabi_uldivmod.o)
                              Drivers/STM32F4xx_HAL_Driver/Src/stm32f4xx_hal_rcc.o (__aeabi_uldivmod)
c:/st/stm32cubeide_1.5.1/stm32cubeide/plugins/com.st.stm32cube.ide.mcu.externaltools.gnu-tools-for-stm32.7-2018-q2-update.win32_1.5.0.202011040924/tools/bin/../lib/gcc/arm-none-eabi/7.3.1/thumb/v7e-m/fpv4-sp/hard\libgcc.a(_udivmoddi4.o)
                              c:/st/stm32cubeide_1.5.1/stm32cubeide/plugins/com.st.stm32cube.ide.mcu.externaltools.gnu-tools-for-stm32.7-2018-q2-update.win32_1.5.0.202011040924/tools/bin/../lib/gcc/arm-none-eabi/7.3.1/thumb/v7e-m/fpv4-sp/hard\libgcc.a(_aeabi_uldivmod.o) (__udivmoddi4)
c:/st/stm32cubeide_1.5.1/stm32cubeide/plugins/com.st.stm32cube.ide.mcu.externaltools.gnu-tools-for-stm32.7-2018-q2-update.win32_1.5.0.202011040924/tools/bin/../lib/gcc/arm-none-eabi/7.3.1/thumb/v7e-m/fpv4-sp/hard\libgcc.a(_dvmd_tls.o)
                              c:/st/stm32cubeide_1.5.1/stm32cubeide/plugins/com.st.stm32cube.ide.mcu.externaltools.gnu-tools-for-stm32.7-2018-q2-update.win32_1.5.0.202011040924/tools/bin/../lib/gcc/arm-none-eabi/7.3.1/thumb/v7e-m/fpv4-sp/hard\libgcc.a(_aeabi_uldivmod.o) (__aeabi_ldiv0)

Allocating common symbols
[...]
Memory Configuration

Name             Origin             Length             Attributes
CCMRAM           0x0000000010000000 0x0000000000010000 xrw
RAM              0x0000000020000000 0x0000000000020000 xrw
FLASH            0x0000000008000000 0x0000000000100000 xr
*default*        0x0000000000000000 0xffffffffffffffff

Linker script and memory map

LOAD c:/st/stm32cubeide_1.5.1/stm32cubeide/plugins/com.st.stm32cube.ide.mcu.externaltools.gnu-tools-for-stm32.7-2018-q2-update.win32_1.5.0.202011040924/tools/bin/../lib/gcc/arm-none-eabi/7.3.1/thumb/v7e-m/fpv4-sp/hard/crti.o
LOAD c:/st/stm32cubeide_1.5.1/stm32cubeide/plugins/com.st.stm32cube.ide.mcu.externaltools.gnu-tools-for-stm32.7-2018-q2-update.win32_1.5.0.202011040924/tools/bin/../lib/gcc/arm-none-eabi/7.3.1/thumb/v7e-m/fpv4-sp/hard/crtbegin.o
LOAD c:/st/stm32cubeide_1.5.1/stm32cubeide/plugins/com.st.stm32cube.ide.mcu.externaltools.gnu-tools-for-stm32.7-2018-q2-update.win32_1.5.0.202011040924/tools/bin/../lib/gcc/arm-none-eabi/7.3.1/../../../../arm-none-eabi/lib/thumb/v7e-m/fpv4-sp/hard/crt0.o
LOAD Core/Src/LineChase.o
LOAD Core/Src/main.o
LOAD Core/Src/stm32f4xx_hal_msp.o
LOAD Core/Src/stm32f4xx_it.o
LOAD Core/Src/syscalls.o
LOAD Core/Src/sysmem.o
LOAD Core/Src/system_stm32f4xx.o
LOAD Core/Startup/startup_stm32f405rgtx.o
LOAD Drivers/STM32F4xx_HAL_Driver/Src/stm32f4xx_hal.o
LOAD Drivers/STM32F4xx_HAL_Driver/Src/stm32f4xx_hal_adc.o
LOAD Drivers/STM32F4xx_HAL_Driver/Src/stm32f4xx_hal_adc_ex.o
LOAD Drivers/STM32F4xx_HAL_Driver/Src/stm32f4xx_hal_cortex.o
LOAD Drivers/STM32F4xx_HAL_Driver/Src/stm32f4xx_hal_dma.o
LOAD Drivers/STM32F4xx_HAL_Driver/Src/stm32f4xx_hal_dma_ex.o
LOAD Drivers/STM32F4xx_HAL_Driver/Src/stm32f4xx_hal_exti.o
LOAD Drivers/STM32F4xx_HAL_Driver/Src/stm32f4xx_hal_flash.o
LOAD Drivers/STM32F4xx_HAL_Driver/Src/stm32f4xx_hal_flash_ex.o
LOAD Drivers/STM32F4xx_HAL_Driver/Src/stm32f4xx_hal_flash_ramfunc.o
LOAD Drivers/STM32F4xx_HAL_Driver/Src/stm32f4xx_hal_gpio.o
LOAD Drivers/STM32F4xx_HAL_Driver/Src/stm32f4xx_hal_i2c.o
LOAD Drivers/STM32F4xx_HAL_Driver/Src/stm32f4xx_hal_i2c_ex.o
LOAD Drivers/STM32F4xx_HAL_Driver/Src/stm32f4xx_hal_pwr.o
LOAD Drivers/STM32F4xx_HAL_Driver/Src/stm32f4xx_hal_pwr_ex.o
LOAD Drivers/STM32F4xx_HAL_Driver/Src/stm32f4xx_hal_rcc.o
LOAD Drivers/STM32F4xx_HAL_Driver/Src/stm32f4xx_hal_rcc_ex.o
LOAD Drivers/STM32F4xx_HAL_Driver/Src/stm32f4xx_hal_spi.o
LOAD Drivers/STM32F4xx_HAL_Driver/Src/stm32f4xx_hal_tim.o
LOAD Drivers/STM32F4xx_HAL_Driver/Src/stm32f4xx_hal_tim_ex.o
LOAD Drivers/STM32F4xx_HAL_Driver/Src/stm32f4xx_hal_uart.o
START GROUP
LOAD c:/st/stm32cubeide_1.5.1/stm32cubeide/plugins/com.st.stm32cube.ide.mcu.externaltools.gnu-tools-for-stm32.7-2018-q2-update.win32_1.5.0.202011040924/tools/bin/../lib/gcc/arm-none-eabi/7.3.1/../../../../arm-none-eabi/lib/thumb/v7e-m/fpv4-sp/hard\libc_nano.a
LOAD c:/st/stm32cubeide_1.5.1/stm32cubeide/plugins/com.st.stm32cube.ide.mcu.externaltools.gnu-tools-for-stm32.7-2018-q2-update.win32_1.5.0.202011040924/tools/bin/../lib/gcc/arm-none-eabi/7.3.1/../../../../arm-none-eabi/lib/thumb/v7e-m/fpv4-sp/hard\libm.a
END GROUP
START GROUP
LOAD c:/st/stm32cubeide_1.5.1/stm32cubeide/plugins/com.st.stm32cube.ide.mcu.externaltools.gnu-tools-for-stm32.7-2018-q2-update.win32_1.5.0.202011040924/tools/bin/../lib/gcc/arm-none-eabi/7.3.1/thumb/v7e-m/fpv4-sp/hard\libgcc.a
LOAD c:/st/stm32cubeide_1.5.1/stm32cubeide/plugins/com.st.stm32cube.ide.mcu.externaltools.gnu-tools-for-stm32.7-2018-q2-update.win32_1.5.0.202011040924/tools/bin/../lib/gcc/arm-none-eabi/7.3.1/../../../../arm-none-eabi/lib/thumb/v7e-m/fpv4-sp/hard\libc_nano.a
END GROUP
START GROUP
LOAD c:/st/stm32cubeide_1.5.1/stm32cubeide/plugins/com.st.stm32cube.ide.mcu.externaltools.gnu-tools-for-stm32.7-2018-q2-update.win32_1.5.0.202011040924/tools/bin/../lib/gcc/arm-none-eabi/7.3.1/thumb/v7e-m/fpv4-sp/hard\libgcc.a
LOAD c:/st/stm32cubeide_1.5.1/stm32cubeide/plugins/com.st.stm32cube.ide.mcu.externaltools.gnu-tools-for-stm32.7-2018-q2-update.win32_1.5.0.202011040924/tools/bin/../lib/gcc/arm-none-eabi/7.3.1/../../../../arm-none-eabi/lib/thumb/v7e-m/fpv4-sp/hard\libc_nano.a
LOAD c:/st/stm32cubeide_1.5.1/stm32cubeide/plugins/com.st.stm32cube.ide.mcu.externaltools.gnu-tools-for-stm32.7-2018-q2-update.win32_1.5.0.202011040924/tools/bin/../lib/gcc/arm-none-eabi/7.3.1/../../../../arm-none-eabi/lib/thumb/v7e-m/fpv4-sp/hard\libnosys.a
END GROUP
START GROUP
LOAD c:/st/stm32cubeide_1.5.1/stm32cubeide/plugins/com.st.stm32cube.ide.mcu.externaltools.gnu-tools-for-stm32.7-2018-q2-update.win32_1.5.0.202011040924/tools/bin/../lib/gcc/arm-none-eabi/7.3.1/thumb/v7e-m/fpv4-sp/hard\libgcc.a
LOAD c:/st/stm32cubeide_1.5.1/stm32cubeide/plugins/com.st.stm32cube.ide.mcu.externaltools.gnu-tools-for-stm32.7-2018-q2-update.win32_1.5.0.202011040924/tools/bin/../lib/gcc/arm-none-eabi/7.3.1/../../../../arm-none-eabi/lib/thumb/v7e-m/fpv4-sp/hard\libc_nano.a
LOAD c:/st/stm32cubeide_1.5.1/stm32cubeide/plugins/com.st.stm32cube.ide.mcu.externaltools.gnu-tools-for-stm32.7-2018-q2-update.win32_1.5.0.202011040924/tools/bin/../lib/gcc/arm-none-eabi/7.3.1/../../../../arm-none-eabi/lib/thumb/v7e-m/fpv4-sp/hard\libnosys.a
END GROUP
LOAD c:/st/stm32cubeide_1.5.1/stm32cubeide/plugins/com.st.stm32cube.ide.mcu.externaltools.gnu-tools-for-stm32.7-2018-q2-update.win32_1.5.0.202011040924/tools/bin/../lib/gcc/arm-none-eabi/7.3.1/thumb/v7e-m/fpv4-sp/hard/crtend.o
LOAD c:/st/stm32cubeide_1.5.1/stm32cubeide/plugins/com.st.stm32cube.ide.mcu.externaltools.gnu-tools-for-stm32.7-2018-q2-update.win32_1.5.0.202011040924/tools/bin/../lib/gcc/arm-none-eabi/7.3.1/thumb/v7e-m/fpv4-sp/hard/crtn.o
                0x0000000020020000                _estack = (ORIGIN (RAM) + LENGTH (RAM))
                0x0000000000000200                _Min_Heap_Size = 0x200
                0x0000000000000400                _Min_Stack_Size = 0x400

.isr_vector     0x0000000008000000      0x188
                0x0000000008000000                . = ALIGN (0x4)
 *(.isr_vector)
 .isr_vector    0x0000000008000000      0x188 Core/Startup/startup_stm32f405rgtx.o
                0x0000000008000000                g_pfnVectors
                0x0000000008000188                . = ALIGN (0x4)

.text           0x0000000008000188     0x5dc0
                0x0000000008000188                . = ALIGN (0x4)
 *(.text)
 .text          0x0000000008000188       0x40 c:/st/stm32cubeide_1.5.1/stm32cubeide/plugins/com.st.stm32cube.ide.mcu.externaltools.gnu-tools-for-stm32.7-2018-q2-update.win32_1.5.0.202011040924/tools/bin/../lib/gcc/arm-none-eabi/7.3.1/thumb/v7e-m/fpv4-sp/hard/crtbegin.o
 .text          0x00000000080001c8      0x378 c:/st/stm32cubeide_1.5.1/stm32cubeide/plugins/com.st.stm32cube.ide.mcu.externaltools.gnu-tools-for-stm32.7-2018-q2-update.win32_1.5.0.202011040924/tools/bin/../lib/gcc/arm-none-eabi/7.3.1/thumb/v7e-m/fpv4-sp/hard\libgcc.a(_arm_addsubdf3.o)
                0x00000000080001c8                __aeabi_drsub
                0x00000000080001d0                __aeabi_dsub
                0x00000000080001d0                __subdf3
                0x00000000080001d4                __aeabi_dadd
                0x00000000080001d4                __adddf3
                0x000000000800044c                __floatunsidf
                0x000000000800044c                __aeabi_ui2d
                0x000000000800046c                __floatsidf
                0x000000000800046c                __aeabi_i2d
                0x0000000008000490                __aeabi_f2d
                0x0000000008000490                __extendsfdf2
                0x00000000080004d4                __floatundidf
                0x00000000080004d4                __aeabi_ul2d
                0x00000000080004e4                __floatdidf
                0x00000000080004e4                __aeabi_l2d
 .text          0x0000000008000540      0x424 c:/st/stm32cubeide_1.5.1/stm32cubeide/plugins/com.st.stm32cube.ide.mcu.externaltools.gnu-tools-for-stm32.7-2018-q2-update.win32_1.5.0.202011040924/tools/bin/../lib/gcc/arm-none-eabi/7.3.1/thumb/v7e-m/fpv4-sp/hard\libgcc.a(_arm_muldivdf3.o)
                0x0000000008000540                __aeabi_dmul
                0x0000000008000540                __muldf3
                0x0000000008000794                __divdf3
                0x0000000008000794                __aeabi_ddiv
 .text          0x0000000008000964       0x50 c:/st/stm32cubeide_1.5.1/stm32cubeide/plugins/com.st.stm32cube.ide.mcu.externaltools.gnu-tools-for-stm32.7-2018-q2-update.win32_1.5.0.202011040924/tools/bin/../lib/gcc/arm-none-eabi/7.3.1/thumb/v7e-m/fpv4-sp/hard\libgcc.a(_arm_fixdfsi.o)
                0x0000000008000964                __aeabi_d2iz
                0x0000000008000964                __fixdfsi
 .text          0x00000000080009b4       0x30 c:/st/stm32cubeide_1.5.1/stm32cubeide/plugins/com.st.stm32cube.ide.mcu.externaltools.gnu-tools-for-stm32.7-2018-q2-update.win32_1.5.0.202011040924/tools/bin/../lib/gcc/arm-none-eabi/7.3.1/thumb/v7e-m/fpv4-sp/hard\libgcc.a(_aeabi_uldivmod.o)
                0x00000000080009b4                __aeabi_uldivmod
 .text          0x00000000080009e4      0x2cc c:/st/stm32cubeide_1.5.1/stm32cubeide/plugins/com.st.stm32cube.ide.mcu.externaltools.gnu-tools-for-stm32.7-2018-q2-update.win32_1.5.0.202011040924/tools/bin/../lib/gcc/arm-none-eabi/7.3.1/thumb/v7e-m/fpv4-sp/hard\libgcc.a(_udivmoddi4.o)
                0x00000000080009e4                __udivmoddi4
 .text          0x0000000008000cb0        0x4 c:/st/stm32cubeide_1.5.1/stm32cubeide/plugins/com.st.stm32cube.ide.mcu.externaltools.gnu-tools-for-stm32.7-2018-q2-update.win32_1.5.0.202011040924/tools/bin/../lib/gcc/arm-none-eabi/7.3.1/thumb/v7e-m/fpv4-sp/hard\libgcc.a(_dvmd_tls.o)
                0x0000000008000cb0                __aeabi_idiv0
                0x0000000008000cb0                __aeabi_ldiv0
 *(.text*)
 .text.motorSet
                0x0000000008000cb4      0x19c Core/Src/LineChase.o
                0x0000000008000cb4                motorSet
 .text.storeAdBuffer
                0x0000000008000e50       0xb4 Core/Src/LineChase.o
                0x0000000008000e50                storeAdBuffer
 .text.getAnalogsensor
                0x0000000008000f04      0x290 Core/Src/LineChase.o
                0x0000000008000f04                getAnalogsensor
 *fill*         0x0000000008001194        0x4 
 .text.lineTrace
                0x0000000008001198      0x230 Core/Src/LineChase.o
                0x0000000008001198                lineTrace
 .text.updateSideSensorState
                0x00000000080013c8       0xa8 Core/Src/LineChase.o
                0x00000000080013c8                updateSideSensorState
 .text.HAL_TIM_PeriodElapsedCallback
                0x0000000008001470       0x5c Core/Src/main.o
                0x0000000008001470                HAL_TIM_PeriodElapsedCallback
 .text.main     0x00000000080014cc      0x1d4 Core/Src/main.o
                0x00000000080014cc                main
 .text.SystemClock_Config
                0x00000000080016a0       0xd4 Core/Src/main.o
                0x00000000080016a0                SystemClock_Config
 .text.MX_ADC1_Init
                0x0000000008001774      0x1d8 Core/Src/main.o
 .text.MX_I2C1_Init
                0x000000000800194c       0x5c Core/Src/main.o
 .text.MX_SPI3_Init
                0x00000000080019a8       0x6c Core/Src/main.o
 .text.MX_TIM2_Init
                0x0000000008001a14       0xdc Core/Src/main.o
 .text.MX_TIM3_Init
                0x0000000008001af0       0xa8 Core/Src/main.o
 .text.MX_TIM4_Init
                0x0000000008001b98       0xa8 Core/Src/main.o
 .text.MX_TIM6_Init
                0x0000000008001c40       0x6c Core/Src/main.o
 .text.MX_TIM7_Init
                0x0000000008001cac       0x68 Core/Src/main.o
 .text.MX_TIM8_Init
                0x0000000008001d14      0x150 Core/Src/main.o
 .text.MX_TIM12_Init
                0x0000000008001e64       0xa0 Core/Src/main.o
 .text.MX_USART1_UART_Init
                0x0000000008001f04       0x54 Core/Src/main.o
 .text.MX_DMA_Init
                0x0000000008001f58       0x40 Core/Src/main.o
 .text.MX_GPIO_Init
                0x0000000008001f98      0x13c Core/Src/main.o
 .text.Error_Handler
                0x00000000080020d4        0x8 Core/Src/main.o
                0x00000000080020d4                Error_Handler
 .text.HAL_MspInit
                0x00000000080020dc       0x50 Core/Src/stm32f4xx_hal_msp.o
                0x00000000080020dc                HAL_MspInit
 .text.HAL_ADC_MspInit
                0x000000000800212c      0x160 Core/Src/stm32f4xx_hal_msp.o
                0x000000000800212c                HAL_ADC_MspInit
 .text.HAL_I2C_MspInit
                0x000000000800228c       0x90 Core/Src/stm32f4xx_hal_msp.o
                0x000000000800228c                HAL_I2C_MspInit
 .text.HAL_SPI_MspInit
                0x000000000800231c       0x90 Core/Src/stm32f4xx_hal_msp.o
                0x000000000800231c                HAL_SPI_MspInit
 .text.HAL_TIM_PWM_MspInit
                0x00000000080023ac       0x98 Core/Src/stm32f4xx_hal_msp.o
                0x00000000080023ac                HAL_TIM_PWM_MspInit
 .text.HAL_TIM_Encoder_MspInit
                0x0000000008002444       0xf8 Core/Src/stm32f4xx_hal_msp.o
                0x0000000008002444                HAL_TIM_Encoder_MspInit
 .text.HAL_TIM_Base_MspInit
                0x000000000800253c       0x8c Core/Src/stm32f4xx_hal_msp.o
                0x000000000800253c                HAL_TIM_Base_MspInit
 .text.HAL_TIM_MspPostInit
                0x00000000080025c8      0x154 Core/Src/stm32f4xx_hal_msp.o
                0x00000000080025c8                HAL_TIM_MspPostInit
 .text.HAL_UART_MspInit
                0x000000000800271c       0x90 Core/Src/stm32f4xx_hal_msp.o
                0x000000000800271c                HAL_UART_MspInit
 .text.NMI_Handler
                0x00000000080027ac        0x6 Core/Src/stm32f4xx_it.o
                0x00000000080027ac                NMI_Handler
 .text.HardFault_Handler
                0x00000000080027b2        0x6 Core/Src/stm32f4xx_it.o
                0x00000000080027b2                HardFault_Handler
 .text.MemManage_Handler
                0x00000000080027b8        0x6 Core/Src/stm32f4xx_it.o
                0x00000000080027b8                MemManage_Handler
 .text.BusFault_Handler
                0x00000000080027be        0x6 Core/Src/stm32f4xx_it.o
                0x00000000080027be                BusFault_Handler
 .text.UsageFault_Handler
                0x00000000080027c4        0x6 Core/Src/stm32f4xx_it.o
                0x00000000080027c4                UsageFault_Handler
 .text.SVC_Handler
                0x00000000080027ca        0xe Core/Src/stm32f4xx_it.o
                0x00000000080027ca                SVC_Handler
 .text.DebugMon_Handler
                0x00000000080027d8        0xe Core/Src/stm32f4xx_it.o
                0x00000000080027d8                DebugMon_Handler
 .text.PendSV_Handler
                0x00000000080027e6        0xe Core/Src/stm32f4xx_it.o
                0x00000000080027e6                PendSV_Handler
 .text.SysTick_Handler
                0x00000000080027f4        0xc Core/Src/stm32f4xx_it.o
                0x00000000080027f4                SysTick_Handler
 .text.TIM6_DAC_IRQHandler
                0x0000000008002800       0x14 Core/Src/stm32f4xx_it.o
                0x0000000008002800                TIM6_DAC_IRQHandler
 .text.TIM7_IRQHandler
                0x0000000008002814       0x14 Core/Src/stm32f4xx_it.o
                0x0000000008002814                TIM7_IRQHandler
 .text.DMA2_Stream0_IRQHandler
                0x0000000008002828       0x14 Core/Src/stm32f4xx_it.o
                0x0000000008002828                DMA2_Stream0_IRQHandler
 .text.SystemInit
                0x000000000800283c       0x2c Core/Src/system_stm32f4xx.o
                0x000000000800283c                SystemInit
 .text.Reset_Handler
                0x0000000008002868       0x50 Core/Startup/startup_stm32f405rgtx.o
                0x0000000008002868                Reset_Handler
 .text.Default_Handler
                0x00000000080028b8        0x2 Core/Startup/startup_stm32f405rgtx.o
                0x00000000080028b8                RTC_Alarm_IRQHandler
                0x00000000080028b8                HASH_RNG_IRQHandler
                0x00000000080028b8                EXTI2_IRQHandler
                0x00000000080028b8                TIM8_CC_IRQHandler
                0x00000000080028b8                TIM1_CC_IRQHandler
                0x00000000080028b8                DMA2_Stream5_IRQHandler
                0x00000000080028b8                DMA1_Stream5_IRQHandler
                0x00000000080028b8                PVD_IRQHandler
                0x00000000080028b8                SDIO_IRQHandler
                0x00000000080028b8                TAMP_STAMP_IRQHandler
                0x00000000080028b8                CAN2_RX1_IRQHandler
                0x00000000080028b8                EXTI3_IRQHandler
                0x00000000080028b8                TIM8_TRG_COM_TIM14_IRQHandler
                0x00000000080028b8                TIM1_UP_TIM10_IRQHandler
                0x00000000080028b8                TIM8_UP_TIM13_IRQHandler
                0x00000000080028b8                I2C3_ER_IRQHandler
                0x00000000080028b8                EXTI0_IRQHandler
                0x00000000080028b8                I2C2_EV_IRQHandler
                0x00000000080028b8                DMA1_Stream2_IRQHandler
                0x00000000080028b8                CAN1_RX0_IRQHandler
                0x00000000080028b8                FPU_IRQHandler
                0x00000000080028b8                OTG_HS_WKUP_IRQHandler
                0x00000000080028b8                CAN2_SCE_IRQHandler
                0x00000000080028b8                DMA2_Stream2_IRQHandler
                0x00000000080028b8                SPI1_IRQHandler
                0x00000000080028b8                TIM1_BRK_TIM9_IRQHandler
                0x00000000080028b8                CAN2_RX0_IRQHandler
                0x00000000080028b8                DMA2_Stream3_IRQHandler
                0x00000000080028b8                USART6_IRQHandler
                0x00000000080028b8                USART3_IRQHandler
                0x00000000080028b8                CAN1_RX1_IRQHandler
                0x00000000080028b8                UART5_IRQHandler
                0x00000000080028b8                TIM4_IRQHandler
                0x00000000080028b8                I2C1_EV_IRQHandler
                0x00000000080028b8                DMA1_Stream6_IRQHandler
                0x00000000080028b8                DMA1_Stream1_IRQHandler
                0x00000000080028b8                UART4_IRQHandler
                0x00000000080028b8                TIM3_IRQHandler
                0x00000000080028b8                RCC_IRQHandler
                0x00000000080028b8                TIM8_BRK_TIM12_IRQHandler
                0x00000000080028b8                Default_Handler
                0x00000000080028b8                EXTI15_10_IRQHandler
                0x00000000080028b8                ADC_IRQHandler
                0x00000000080028b8                DMA1_Stream7_IRQHandler
                0x00000000080028b8                CAN2_TX_IRQHandler
                0x00000000080028b8                TIM5_IRQHandler
                0x00000000080028b8                DMA2_Stream7_IRQHandler
                0x00000000080028b8                I2C3_EV_IRQHandler
                0x00000000080028b8                EXTI9_5_IRQHandler
                0x00000000080028b8                RTC_WKUP_IRQHandler
                0x00000000080028b8                SPI2_IRQHandler
                0x00000000080028b8                OTG_HS_EP1_IN_IRQHandler
                0x00000000080028b8                DMA1_Stream0_IRQHandler
                0x00000000080028b8                CAN1_TX_IRQHandler
                0x00000000080028b8                EXTI4_IRQHandler
                0x00000000080028b8                FSMC_IRQHandler
                0x00000000080028b8                OTG_HS_EP1_OUT_IRQHandler
                0x00000000080028b8                WWDG_IRQHandler
                0x00000000080028b8                TIM2_IRQHandler
                0x00000000080028b8                OTG_FS_WKUP_IRQHandler
                0x00000000080028b8                TIM1_TRG_COM_TIM11_IRQHandler
                0x00000000080028b8                OTG_HS_IRQHandler
                0x00000000080028b8                EXTI1_IRQHandler
                0x00000000080028b8                USART2_IRQHandler
                0x00000000080028b8                I2C2_ER_IRQHandler
                0x00000000080028b8                DMA2_Stream1_IRQHandler
                0x00000000080028b8                CAN1_SCE_IRQHandler
                0x00000000080028b8                FLASH_IRQHandler
                0x00000000080028b8                DMA2_Stream4_IRQHandler
                0x00000000080028b8                USART1_IRQHandler
                0x00000000080028b8                OTG_FS_IRQHandler
                0x00000000080028b8                SPI3_IRQHandler
                0x00000000080028b8                DMA1_Stream4_IRQHandler
                0x00000000080028b8                I2C1_ER_IRQHandler
                0x00000000080028b8                DMA2_Stream6_IRQHandler
                0x00000000080028b8                DMA1_Stream3_IRQHandler
 *fill*         0x00000000080028ba        0x2 
 .text.HAL_Init
                0x00000000080028bc       0x44 Drivers/STM32F4xx_HAL_Driver/Src/stm32f4xx_hal.o
                0x00000000080028bc                HAL_Init
 .text.HAL_InitTick
                0x0000000008002900       0x60 Drivers/STM32F4xx_HAL_Driver/Src/stm32f4xx_hal.o
                0x0000000008002900                HAL_InitTick
 .text.HAL_IncTick
                0x0000000008002960       0x28 Drivers/STM32F4xx_HAL_Driver/Src/stm32f4xx_hal.o
                0x0000000008002960                HAL_IncTick
 .text.HAL_GetTick
                0x0000000008002988       0x18 Drivers/STM32F4xx_HAL_Driver/Src/stm32f4xx_hal.o
                0x0000000008002988                HAL_GetTick
 .text.HAL_Delay
                0x00000000080029a0       0x44 Drivers/STM32F4xx_HAL_Driver/Src/stm32f4xx_hal.o
                0x00000000080029a0                HAL_Delay
 .text.HAL_ADC_Init
                0x00000000080029e4       0x86 Drivers/STM32F4xx_HAL_Driver/Src/stm32f4xx_hal_adc.o
                0x00000000080029e4                HAL_ADC_Init
 *fill*         0x0000000008002a6a        0x2 
 .text.HAL_ADC_Start_DMA
                0x0000000008002a6c      0x1e4 Drivers/STM32F4xx_HAL_Driver/Src/stm32f4xx_hal_adc.o
                0x0000000008002a6c                HAL_ADC_Start_DMA
 .text.HAL_ADC_ConvCpltCallback
                0x0000000008002c50       0x14 Drivers/STM32F4xx_HAL_Driver/Src/stm32f4xx_hal_adc.o
                0x0000000008002c50                HAL_ADC_ConvCpltCallback
 .text.HAL_ADC_ConvHalfCpltCallback
                0x0000000008002c64       0x14 Drivers/STM32F4xx_HAL_Driver/Src/stm32f4xx_hal_adc.o
                0x0000000008002c64                HAL_ADC_ConvHalfCpltCallback
 .text.HAL_ADC_ErrorCallback
                0x0000000008002c78       0x14 Drivers/STM32F4xx_HAL_Driver/Src/stm32f4xx_hal_adc.o
                0x0000000008002c78                HAL_ADC_ErrorCallback
 .text.HAL_ADC_ConfigChannel
                0x0000000008002c8c      0x244 Drivers/STM32F4xx_HAL_Driver/Src/stm32f4xx_hal_adc.o
                0x0000000008002c8c                HAL_ADC_ConfigChannel
 .text.ADC_Init
                0x0000000008002ed0      0x1f8 Drivers/STM32F4xx_HAL_Driver/Src/stm32f4xx_hal_adc.o
 .text.ADC_DMAConvCplt
                0x00000000080030c8       0xba Drivers/STM32F4xx_HAL_Driver/Src/stm32f4xx_hal_adc.o
 .text.ADC_DMAHalfConvCplt
                0x0000000008003182       0x1c Drivers/STM32F4xx_HAL_Driver/Src/stm32f4xx_hal_adc.o
 .text.ADC_DMAError
                0x000000000800319e       0x2e Drivers/STM32F4xx_HAL_Driver/Src/stm32f4xx_hal_adc.o
 .text.__NVIC_SetPriorityGrouping
                0x00000000080031cc       0x48 Drivers/STM32F4xx_HAL_Driver/Src/stm32f4xx_hal_cortex.o
 .text.__NVIC_GetPriorityGrouping
                0x0000000008003214       0x1c Drivers/STM32F4xx_HAL_Driver/Src/stm32f4xx_hal_cortex.o
 .text.__NVIC_EnableIRQ
                0x0000000008003230       0x3c Drivers/STM32F4xx_HAL_Driver/Src/stm32f4xx_hal_cortex.o
 .text.__NVIC_SetPriority
                0x000000000800326c       0x54 Drivers/STM32F4xx_HAL_Driver/Src/stm32f4xx_hal_cortex.o
 .text.NVIC_EncodePriority
                0x00000000080032c0       0x66 Drivers/STM32F4xx_HAL_Driver/Src/stm32f4xx_hal_cortex.o
 *fill*         0x0000000008003326        0x2 
 .text.SysTick_Config
                0x0000000008003328       0x44 Drivers/STM32F4xx_HAL_Driver/Src/stm32f4xx_hal_cortex.o
 .text.HAL_NVIC_SetPriorityGrouping
                0x000000000800336c       0x16 Drivers/STM32F4xx_HAL_Driver/Src/stm32f4xx_hal_cortex.o
                0x000000000800336c                HAL_NVIC_SetPriorityGrouping
 .text.HAL_NVIC_SetPriority
                0x0000000008003382       0x38 Drivers/STM32F4xx_HAL_Driver/Src/stm32f4xx_hal_cortex.o
                0x0000000008003382                HAL_NVIC_SetPriority
 .text.HAL_NVIC_EnableIRQ
                0x00000000080033ba       0x1c Drivers/STM32F4xx_HAL_Driver/Src/stm32f4xx_hal_cortex.o
                0x00000000080033ba                HAL_NVIC_EnableIRQ
 .text.HAL_SYSTICK_Config
                0x00000000080033d6       0x18 Drivers/STM32F4xx_HAL_Driver/Src/stm32f4xx_hal_cortex.o
                0x00000000080033d6                HAL_SYSTICK_Config
 *fill*         0x00000000080033ee        0x2 
 .text.HAL_DMA_Init
                0x00000000080033f0      0x15c Drivers/STM32F4xx_HAL_Driver/Src/stm32f4xx_hal_dma.o
                0x00000000080033f0                HAL_DMA_Init
 .text.HAL_DMA_Start_IT
                0x000000000800354c       0xb0 Drivers/STM32F4xx_HAL_Driver/Src/stm32f4xx_hal_dma.o
                0x000000000800354c                HAL_DMA_Start_IT
 .text.HAL_DMA_IRQHandler
                0x00000000080035fc      0x314 Drivers/STM32F4xx_HAL_Driver/Src/stm32f4xx_hal_dma.o
                0x00000000080035fc                HAL_DMA_IRQHandler
 .text.DMA_SetConfig
                0x0000000008003910       0x5c Drivers/STM32F4xx_HAL_Driver/Src/stm32f4xx_hal_dma.o
 .text.DMA_CalcBaseAndBitshift
                0x000000000800396c       0x6c Drivers/STM32F4xx_HAL_Driver/Src/stm32f4xx_hal_dma.o
 .text.DMA_CheckFifoParam
                0x00000000080039d8       0xf4 Drivers/STM32F4xx_HAL_Driver/Src/stm32f4xx_hal_dma.o
 .text.HAL_GPIO_Init
                0x0000000008003acc      0x334 Drivers/STM32F4xx_HAL_Driver/Src/stm32f4xx_hal_gpio.o
                0x0000000008003acc                HAL_GPIO_Init
 .text.HAL_GPIO_ReadPin
                0x0000000008003e00       0x30 Drivers/STM32F4xx_HAL_Driver/Src/stm32f4xx_hal_gpio.o
                0x0000000008003e00                HAL_GPIO_ReadPin
 .text.HAL_GPIO_WritePin
                0x0000000008003e30       0x32 Drivers/STM32F4xx_HAL_Driver/Src/stm32f4xx_hal_gpio.o
                0x0000000008003e30                HAL_GPIO_WritePin
 *fill*         0x0000000008003e62        0x2 
 .text.HAL_I2C_Init
                0x0000000008003e64      0x270 Drivers/STM32F4xx_HAL_Driver/Src/stm32f4xx_hal_i2c.o
                0x0000000008003e64                HAL_I2C_Init
 .text.HAL_RCC_OscConfig
                0x00000000080040d4      0x4e0 Drivers/STM32F4xx_HAL_Driver/Src/stm32f4xx_hal_rcc.o
                0x00000000080040d4                HAL_RCC_OscConfig
 .text.HAL_RCC_ClockConfig
                0x00000000080045b4      0x1cc Drivers/STM32F4xx_HAL_Driver/Src/stm32f4xx_hal_rcc.o
                0x00000000080045b4                HAL_RCC_ClockConfig
 .text.HAL_RCC_GetSysClockFreq
                0x0000000008004780      0x164 Drivers/STM32F4xx_HAL_Driver/Src/stm32f4xx_hal_rcc.o
                0x0000000008004780                HAL_RCC_GetSysClockFreq
 .text.HAL_RCC_GetHCLKFreq
                0x00000000080048e4       0x18 Drivers/STM32F4xx_HAL_Driver/Src/stm32f4xx_hal_rcc.o
                0x00000000080048e4                HAL_RCC_GetHCLKFreq
 .text.HAL_RCC_GetPCLK1Freq
                0x00000000080048fc       0x28 Drivers/STM32F4xx_HAL_Driver/Src/stm32f4xx_hal_rcc.o
                0x00000000080048fc                HAL_RCC_GetPCLK1Freq
 .text.HAL_RCC_GetPCLK2Freq
                0x0000000008004924       0x28 Drivers/STM32F4xx_HAL_Driver/Src/stm32f4xx_hal_rcc.o
                0x0000000008004924                HAL_RCC_GetPCLK2Freq
 .text.HAL_SPI_Init
                0x000000000800494c       0xc8 Drivers/STM32F4xx_HAL_Driver/Src/stm32f4xx_hal_spi.o
                0x000000000800494c                HAL_SPI_Init
 .text.HAL_TIM_Base_Init
                0x0000000008004a14       0x56 Drivers/STM32F4xx_HAL_Driver/Src/stm32f4xx_hal_tim.o
                0x0000000008004a14                HAL_TIM_Base_Init
 .text.HAL_TIM_Base_Start_IT
                0x0000000008004a6a       0x48 Drivers/STM32F4xx_HAL_Driver/Src/stm32f4xx_hal_tim.o
                0x0000000008004a6a                HAL_TIM_Base_Start_IT
 .text.HAL_TIM_PWM_Init
                0x0000000008004ab2       0x56 Drivers/STM32F4xx_HAL_Driver/Src/stm32f4xx_hal_tim.o
                0x0000000008004ab2                HAL_TIM_PWM_Init
 .text.HAL_TIM_PWM_Start
                0x0000000008004b08       0x7c Drivers/STM32F4xx_HAL_Driver/Src/stm32f4xx_hal_tim.o
                0x0000000008004b08                HAL_TIM_PWM_Start
 .text.HAL_TIM_Encoder_Init
                0x0000000008004b84      0x124 Drivers/STM32F4xx_HAL_Driver/Src/stm32f4xx_hal_tim.o
                0x0000000008004b84                HAL_TIM_Encoder_Init
 .text.HAL_TIM_IRQHandler
                0x0000000008004ca8      0x210 Drivers/STM32F4xx_HAL_Driver/Src/stm32f4xx_hal_tim.o
                0x0000000008004ca8                HAL_TIM_IRQHandler
 .text.HAL_TIM_PWM_ConfigChannel
                0x0000000008004eb8      0x18c Drivers/STM32F4xx_HAL_Driver/Src/stm32f4xx_hal_tim.o
                0x0000000008004eb8                HAL_TIM_PWM_ConfigChannel
 .text.HAL_TIM_OC_DelayElapsedCallback
                0x0000000008005044       0x14 Drivers/STM32F4xx_HAL_Driver/Src/stm32f4xx_hal_tim.o
                0x0000000008005044                HAL_TIM_OC_DelayElapsedCallback
 .text.HAL_TIM_IC_CaptureCallback
                0x0000000008005058       0x14 Drivers/STM32F4xx_HAL_Driver/Src/stm32f4xx_hal_tim.o
                0x0000000008005058                HAL_TIM_IC_CaptureCallback
 .text.HAL_TIM_PWM_PulseFinishedCallback
                0x000000000800506c       0x14 Drivers/STM32F4xx_HAL_Driver/Src/stm32f4xx_hal_tim.o
                0x000000000800506c                HAL_TIM_PWM_PulseFinishedCallback
 .text.HAL_TIM_TriggerCallback
                0x0000000008005080       0x14 Drivers/STM32F4xx_HAL_Driver/Src/stm32f4xx_hal_tim.o
                0x0000000008005080                HAL_TIM_TriggerCallback
 .text.TIM_Base_SetConfig
                0x0000000008005094      0x140 Drivers/STM32F4xx_HAL_Driver/Src/stm32f4xx_hal_tim.o
                0x0000000008005094                TIM_Base_SetConfig
 .text.TIM_OC1_SetConfig
                0x00000000080051d4       0xe0 Drivers/STM32F4xx_HAL_Driver/Src/stm32f4xx_hal_tim.o
 .text.TIM_OC2_SetConfig
                0x00000000080052b4       0xec Drivers/STM32F4xx_HAL_Driver/Src/stm32f4xx_hal_tim.o
                0x00000000080052b4                TIM_OC2_SetConfig
 .text.TIM_OC3_SetConfig
                0x00000000080053a0       0xe8 Drivers/STM32F4xx_HAL_Driver/Src/stm32f4xx_hal_tim.o
 .text.TIM_OC4_SetConfig
                0x0000000008005488       0xac Drivers/STM32F4xx_HAL_Driver/Src/stm32f4xx_hal_tim.o
 .text.TIM_CCxChannelCmd
                0x0000000008005534       0x4a Drivers/STM32F4xx_HAL_Driver/Src/stm32f4xx_hal_tim.o
                0x0000000008005534                TIM_CCxChannelCmd
 *fill*         0x000000000800557e        0x2 
 .text.HAL_TIMEx_MasterConfigSynchronization
                0x0000000008005580       0xf8 Drivers/STM32F4xx_HAL_Driver/Src/stm32f4xx_hal_tim_ex.o
                0x0000000008005580                HAL_TIMEx_MasterConfigSynchronization
 .text.HAL_TIMEx_ConfigBreakDeadTime
                0x0000000008005678       0xa4 Drivers/STM32F4xx_HAL_Driver/Src/stm32f4xx_hal_tim_ex.o
                0x0000000008005678                HAL_TIMEx_ConfigBreakDeadTime
 .text.HAL_TIMEx_CommutCallback
                0x000000000800571c       0x14 Drivers/STM32F4xx_HAL_Driver/Src/stm32f4xx_hal_tim_ex.o
                0x000000000800571c                HAL_TIMEx_CommutCallback
 .text.HAL_TIMEx_BreakCallback
                0x0000000008005730       0x14 Drivers/STM32F4xx_HAL_Driver/Src/stm32f4xx_hal_tim_ex.o
                0x0000000008005730                HAL_TIMEx_BreakCallback
 .text.HAL_UART_Init
                0x0000000008005744       0x9a Drivers/STM32F4xx_HAL_Driver/Src/stm32f4xx_hal_uart.o
                0x0000000008005744                HAL_UART_Init
 *fill*         0x00000000080057de        0x2 
 .text.UART_SetConfig
                0x00000000080057e0      0x6f8 Drivers/STM32F4xx_HAL_Driver/Src/stm32f4xx_hal_uart.o
 .text.__libc_init_array
                0x0000000008005ed8       0x48 c:/st/stm32cubeide_1.5.1/stm32cubeide/plugins/com.st.stm32cube.ide.mcu.externaltools.gnu-tools-for-stm32.7-2018-q2-update.win32_1.5.0.202011040924/tools/bin/../lib/gcc/arm-none-eabi/7.3.1/../../../../arm-none-eabi/lib/thumb/v7e-m/fpv4-sp/hard\libc_nano.a(lib_a-init.o)
                0x0000000008005ed8                __libc_init_array
 .text.memset   0x0000000008005f20       0x10 c:/st/stm32cubeide_1.5.1/stm32cubeide/plugins/com.st.stm32cube.ide.mcu.externaltools.gnu-tools-for-stm32.7-2018-q2-update.win32_1.5.0.202011040924/tools/bin/../lib/gcc/arm-none-eabi/7.3.1/../../../../arm-none-eabi/lib/thumb/v7e-m/fpv4-sp/hard\libc_nano.a(lib_a-memset.o)
                0x0000000008005f20                memset
 *(.glue_7)
 .glue_7        0x0000000008005f30        0x0 linker stubs
 *(.glue_7t)
 .glue_7t       0x0000000008005f30        0x0 linker stubs
 *(.eh_frame)
 .eh_frame      0x0000000008005f30        0x0 c:/st/stm32cubeide_1.5.1/stm32cubeide/plugins/com.st.stm32cube.ide.mcu.externaltools.gnu-tools-for-stm32.7-2018-q2-update.win32_1.5.0.202011040924/tools/bin/../lib/gcc/arm-none-eabi/7.3.1/thumb/v7e-m/fpv4-sp/hard/crtbegin.o
 *(.init)
 .init          0x0000000008005f30        0x4 c:/st/stm32cubeide_1.5.1/stm32cubeide/plugins/com.st.stm32cube.ide.mcu.externaltools.gnu-tools-for-stm32.7-2018-q2-update.win32_1.5.0.202011040924/tools/bin/../lib/gcc/arm-none-eabi/7.3.1/thumb/v7e-m/fpv4-sp/hard/crti.o
                0x0000000008005f30                _init
 .init          0x0000000008005f34        0x8 c:/st/stm32cubeide_1.5.1/stm32cubeide/plugins/com.st.stm32cube.ide.mcu.externaltools.gnu-tools-for-stm32.7-2018-q2-update.win32_1.5.0.202011040924/tools/bin/../lib/gcc/arm-none-eabi/7.3.1/thumb/v7e-m/fpv4-sp/hard/crtn.o
 *(.fini)
 .fini          0x0000000008005f3c        0x4 c:/st/stm32cubeide_1.5.1/stm32cubeide/plugins/com.st.stm32cube.ide.mcu.externaltools.gnu-tools-for-stm32.7-2018-q2-update.win32_1.5.0.202011040924/tools/bin/../lib/gcc/arm-none-eabi/7.3.1/thumb/v7e-m/fpv4-sp/hard/crti.o
                0x0000000008005f3c                _fini
 .fini          0x0000000008005f40        0x8 c:/st/stm32cubeide_1.5.1/stm32cubeide/plugins/com.st.stm32cube.ide.mcu.externaltools.gnu-tools-for-stm32.7-2018-q2-update.win32_1.5.0.202011040924/tools/bin/../lib/gcc/arm-none-eabi/7.3.1/thumb/v7e-m/fpv4-sp/hard/crtn.o
                0x0000000008005f48                . = ALIGN (0x4)
                0x0000000008005f48                _etext = .

.vfp11_veneer   0x0000000008005f48        0x0
 .vfp11_veneer  0x0000000008005f48        0x0 linker stubs

.v4_bx          0x0000000008005f48        0x0
 .v4_bx         0x0000000008005f48        0x0 linker stubs

.iplt           0x0000000008005f48        0x0
 .iplt          0x0000000008005f48        0x0 c:/st/stm32cubeide_1.5.1/stm32cubeide/plugins/com.st.stm32cube.ide.mcu.externaltools.gnu-tools-for-stm32.7-2018-q2-update.win32_1.5.0.202011040924/tools/bin/../lib/gcc/arm-none-eabi/7.3.1/thumb/v7e-m/fpv4-sp/hard/crtbegin.o

.rodata         0x0000000008005f48       0x20
                0x0000000008005f48                . = ALIGN (0x4)
 *(.rodata)
 *(.rodata*)
 .rodata.AHBPrescTable
                0x0000000008005f48       0x10 Core/Src/system_stm32f4xx.o
                0x0000000008005f48                AHBPrescTable
 .rodata.APBPrescTable
                0x0000000008005f58        0x8 Core/Src/system_stm32f4xx.o
                0x0000000008005f58                APBPrescTable
 .rodata.flagBitshiftOffset.8538
                0x0000000008005f60        0x8 Drivers/STM32F4xx_HAL_Driver/Src/stm32f4xx_hal_dma.o
                0x0000000008005f68                . = ALIGN (0x4)

.ARM.extab      0x0000000008005f68        0x0
                0x0000000008005f68                . = ALIGN (0x4)
 *(.ARM.extab* .gnu.linkonce.armextab.*)
                0x0000000008005f68                . = ALIGN (0x4)

.ARM            0x0000000008005f68        0x8
                0x0000000008005f68                . = ALIGN (0x4)
                0x0000000008005f68                __exidx_start = .
 *(.ARM.exidx*)
 .ARM.exidx     0x0000000008005f68        0x8 c:/st/stm32cubeide_1.5.1/stm32cubeide/plugins/com.st.stm32cube.ide.mcu.externaltools.gnu-tools-for-stm32.7-2018-q2-update.win32_1.5.0.202011040924/tools/bin/../lib/gcc/arm-none-eabi/7.3.1/thumb/v7e-m/fpv4-sp/hard\libgcc.a(_udivmoddi4.o)
                0x0000000008005f70                __exidx_end = .
                0x0000000008005f70                . = ALIGN (0x4)

.rel.dyn        0x0000000008005f70        0x0
 .rel.iplt      0x0000000008005f70        0x0 c:/st/stm32cubeide_1.5.1/stm32cubeide/plugins/com.st.stm32cube.ide.mcu.externaltools.gnu-tools-for-stm32.7-2018-q2-update.win32_1.5.0.202011040924/tools/bin/../lib/gcc/arm-none-eabi/7.3.1/thumb/v7e-m/fpv4-sp/hard/crtbegin.o

.preinit_array  0x0000000008005f70        0x0
                0x0000000008005f70                . = ALIGN (0x4)
                0x0000000008005f70                PROVIDE (__preinit_array_start = .)
 *(.preinit_array*)
                0x0000000008005f70                PROVIDE (__preinit_array_end = .)
                0x0000000008005f70                . = ALIGN (0x4)

.init_array     0x0000000008005f70        0x4
                0x0000000008005f70                . = ALIGN (0x4)
                0x0000000008005f70                PROVIDE (__init_array_start = .)
 *(SORT_BY_NAME(.init_array.*))
 *(.init_array*)
 .init_array    0x0000000008005f70        0x4 c:/st/stm32cubeide_1.5.1/stm32cubeide/plugins/com.st.stm32cube.ide.mcu.externaltools.gnu-tools-for-stm32.7-2018-q2-update.win32_1.5.0.202011040924/tools/bin/../lib/gcc/arm-none-eabi/7.3.1/thumb/v7e-m/fpv4-sp/hard/crtbegin.o
                0x0000000008005f74                PROVIDE (__init_array_end = .)
                0x0000000008005f74                . = ALIGN (0x4)

.fini_array     0x0000000008005f74        0x4
                0x0000000008005f74                . = ALIGN (0x4)
                [!provide]                        PROVIDE (__fini_array_start = .)
 *(SORT_BY_NAME(.fini_array.*))
 *(.fini_array*)
 .fini_array    0x0000000008005f74        0x4 c:/st/stm32cubeide_1.5.1/stm32cubeide/plugins/com.st.stm32cube.ide.mcu.externaltools.gnu-tools-for-stm32.7-2018-q2-update.win32_1.5.0.202011040924/tools/bin/../lib/gcc/arm-none-eabi/7.3.1/thumb/v7e-m/fpv4-sp/hard/crtbegin.o
                [!provide]                        PROVIDE (__fini_array_end = .)
                0x0000000008005f78                . = ALIGN (0x4)
                0x0000000008005f78                _sidata = LOADADDR (.data)

.data           0x0000000020000000        0xc load address 0x0000000008005f78
                0x0000000020000000                . = ALIGN (0x4)
                0x0000000020000000                _sdata = .
 *(.data)
 *(.data*)
 .data.SystemCoreClock
                0x0000000020000000        0x4 Core/Src/system_stm32f4xx.o
                0x0000000020000000                SystemCoreClock
 .data.uwTickPrio
                0x0000000020000004        0x4 Drivers/STM32F4xx_HAL_Driver/Src/stm32f4xx_hal.o
                0x0000000020000004                uwTickPrio
 .data.uwTickFreq
                0x0000000020000008        0x1 Drivers/STM32F4xx_HAL_Driver/Src/stm32f4xx_hal.o
                0x0000000020000008                uwTickFreq
 *(.RamFunc)
 *(.RamFunc*)
                0x000000002000000c                . = ALIGN (0x4)
 *fill*         0x0000000020000009        0x3 
                0x000000002000000c                _edata = .

.igot.plt       0x000000002000000c        0x0 load address 0x0000000008005f84
 .igot.plt      0x000000002000000c        0x0 c:/st/stm32cubeide_1.5.1/stm32cubeide/plugins/com.st.stm32cube.ide.mcu.externaltools.gnu-tools-for-stm32.7-2018-q2-update.win32_1.5.0.202011040924/tools/bin/../lib/gcc/arm-none-eabi/7.3.1/thumb/v7e-m/fpv4-sp/hard/crtbegin.o
                0x000000002000000c                . = ALIGN (0x4)

.bss            0x0000000020000010      0x468 load address 0x0000000008005f84
                0x0000000020000010                _sbss = .
                0x0000000020000010                __bss_start__ = _sbss
 *(.bss)
 .bss           0x0000000020000010       0x1c c:/st/stm32cubeide_1.5.1/stm32cubeide/plugins/com.st.stm32cube.ide.mcu.externaltools.gnu-tools-for-stm32.7-2018-q2-update.win32_1.5.0.202011040924/tools/bin/../lib/gcc/arm-none-eabi/7.3.1/thumb/v7e-m/fpv4-sp/hard/crtbegin.o
 *(.bss*)
 .bss.senCL     0x000000002000002c       0x14 Core/Src/LineChase.o
 .bss.senCR     0x0000000020000040       0x14 Core/Src/LineChase.o
 .bss.senL      0x0000000020000054       0x14 Core/Src/LineChase.o
 .bss.senR      0x0000000020000068       0x14 Core/Src/LineChase.o
 .bss.senLL     0x000000002000007c       0x14 Core/Src/LineChase.o
 .bss.senRR     0x0000000020000090       0x14 Core/Src/LineChase.o
 .bss.index.8474
                0x00000000200000a4        0x1 Core/Src/LineChase.o
 *fill*         0x00000000200000a5        0x3 
 .bss.i.8483    0x00000000200000a8        0x8 Core/Src/LineChase.o
 .bss.pre_def.8488
                0x00000000200000b0        0x8 Core/Src/LineChase.o
 .bss.cnt_L.8491
                0x00000000200000b8        0x2 Core/Src/LineChase.o
 .bss.cnt_R.8492
                0x00000000200000ba        0x2 Core/Src/LineChase.o
 *(COMMON)
 *fill*         0x00000000200000bc        0x4 
 COMMON         0x00000000200000c0       0x7a Core/Src/LineChase.o
                0x00000000200000c0                sensorRR
                0x00000000200000c2                side_sensor_R
                0x00000000200000c4                htim8
                0x0000000020000104                mon_cnt
                0x0000000020000108                mon_def
                0x0000000020000110                motor_R
                0x0000000020000118                mon_pid
                0x0000000020000120                sensorLL
                0x0000000020000122                mon_cnt_L
                0x0000000020000124                mon_cnt_R
                0x0000000020000126                motor_L
                0x0000000020000128                sensorR
                0x000000002000012a                mon_rev_R
                0x000000002000012c                mon_rev_L
                0x000000002000012e                side_sensor_L
                0x0000000020000130                sensorL
                0x0000000020000132                sensorCR
                0x0000000020000134                speed_L
                0x0000000020000136                sensorCL
                0x0000000020000138                speed_R
 *fill*         0x000000002000013a        0x2 
 COMMON         0x000000002000013c      0x338 Core/Src/main.o
                0x000000002000013c                analog
                0x0000000020000154                timer
                0x0000000020000158                htim4
                0x0000000020000198                hi2c1
                0x00000000200001ec                htim3
                0x000000002000022c                hspi3
                0x0000000020000284                pattern
                0x0000000020000288                hadc1
                0x00000000200002d0                huart1
                0x0000000020000310                hdma_adc1
                0x0000000020000370                htim6
                0x00000000200003b0                timer1
                0x00000000200003b4                htim2
                0x00000000200003f4                htim12
                0x0000000020000434                htim7
 COMMON         0x0000000020000474        0x4 Drivers/STM32F4xx_HAL_Driver/Src/stm32f4xx_hal.o
                0x0000000020000474                uwTick
                0x0000000020000478                . = ALIGN (0x4)
                0x0000000020000478                _ebss = .
                0x0000000020000478                __bss_end__ = _ebss

._user_heap_stack
                0x0000000020000478      0x600 load address 0x0000000008005f84
                0x0000000020000478                . = ALIGN (0x8)
                [!provide]                        PROVIDE (end = .)
                0x0000000020000478                PROVIDE (_end = .)
                0x0000000020000678                . = (. + _Min_Heap_Size)
 *fill*         0x0000000020000478      0x200 
                0x0000000020000a78                . = (. + _Min_Stack_Size)
 *fill*         0x0000000020000678      0x400 
                0x0000000020000a78                . = ALIGN (0x8)

/DISCARD/
 libc.a(*)
 libm.a(*)
 libgcc.a(*)

.ARM.attributes
                0x0000000000000000       0x30
 *(.ARM.attributes)
 .ARM.attributes
                0x0000000000000000       0x22 c:/st/stm32cubeide_1.5.1/stm32cubeide/plugins/com.st.stm32cube.ide.mcu.externaltools.gnu-tools-for-stm32.7-2018-q2-update.win32_1.5.0.202011040924/tools/bin/../lib/gcc/arm-none-eabi/7.3.1/thumb/v7e-m/fpv4-sp/hard/crti.o
 .ARM.attributes
                0x0000000000000022       0x34 c:/st/stm32cubeide_1.5.1/stm32cubeide/plugins/com.st.stm32cube.ide.mcu.externaltools.gnu-tools-for-stm32.7-2018-q2-update.win32_1.5.0.202011040924/tools/bin/../lib/gcc/arm-none-eabi/7.3.1/thumb/v7e-m/fpv4-sp/hard/crtbegin.o
 .ARM.attributes
                0x0000000000000056       0x39 Core/Src/LineChase.o
 .ARM.attributes
                0x000000000000008f       0x39 Core/Src/main.o
 .ARM.attributes
                0x00000000000000c8       0x39 Core/Src/stm32f4xx_hal_msp.o
 .ARM.attributes
                0x0000000000000101       0x39 Core/Src/stm32f4xx_it.o
 .ARM.attributes
                0x000000000000013a       0x39 Core/Src/system_stm32f4xx.o
 .ARM.attributes
                0x0000000000000173       0x21 Core/Startup/startup_stm32f405rgtx.o
 .ARM.attributes
                0x0000000000000194       0x39 Drivers/STM32F4xx_HAL_Driver/Src/stm32f4xx_hal.o
 .ARM.attributes
                0x00000000000001cd       0x39 Drivers/STM32F4xx_HAL_Driver/Src/stm32f4xx_hal_adc.o
 .ARM.attributes
                0x0000000000000206       0x39 Drivers/STM32F4xx_HAL_Driver/Src/stm32f4xx_hal_cortex.o
 .ARM.attributes
                0x000000000000023f       0x39 Drivers/STM32F4xx_HAL_Driver/Src/stm32f4xx_hal_dma.o
 .ARM.attributes
                0x0000000000000278       0x39 Drivers/STM32F4xx_HAL_Driver/Src/stm32f4xx_hal_gpio.o
 .ARM.attributes
                0x00000000000002b1       0x39 Drivers/STM32F4xx_HAL_Driver/Src/stm32f4xx_hal_i2c.o
 .ARM.attributes
                0x00000000000002ea       0x39 Drivers/STM32F4xx_HAL_Driver/Src/stm32f4xx_hal_rcc.o
 .ARM.attributes
                0x0000000000000323       0x39 Drivers/STM32F4xx_HAL_Driver/Src/stm32f4xx_hal_spi.o
 .ARM.attributes
                0x000000000000035c       0x39 Drivers/STM32F4xx_HAL_Driver/Src/stm32f4xx_hal_tim.o
 .ARM.attributes
                0x0000000000000395       0x39 Drivers/STM32F4xx_HAL_Driver/Src/stm32f4xx_hal_tim_ex.o
 .ARM.attributes
                0x00000000000003ce       0x39 Drivers/STM32F4xx_HAL_Driver/Src/stm32f4xx_hal_uart.o
 .ARM.attributes
                0x0000000000000407       0x34 c:/st/stm32cubeide_1.5.1/stm32cubeide/plugins/com.st.stm32cube.ide.mcu.externaltools.gnu-tools-for-stm32.7-2018-q2-update.win32_1.5.0.202011040924/tools/bin/../lib/gcc/arm-none-eabi/7.3.1/../../../../arm-none-eabi/lib/thumb/v7e-m/fpv4-sp/hard\libc_nano.a(lib_a-init.o)
 .ARM.attributes
                0x000000000000043b       0x34 c:/st/stm32cubeide_1.5.1/stm32cubeide/plugins/com.st.stm32cube.ide.mcu.externaltools.gnu-tools-for-stm32.7-2018-q2-update.win32_1.5.0.202011040924/tools/bin/../lib/gcc/arm-none-eabi/7.3.1/../../../../arm-none-eabi/lib/thumb/v7e-m/fpv4-sp/hard\libc_nano.a(lib_a-memset.o)
 .ARM.attributes
                0x000000000000046f       0x22 c:/st/stm32cubeide_1.5.1/stm32cubeide/plugins/com.st.stm32cube.ide.mcu.externaltools.gnu-tools-for-stm32.7-2018-q2-update.win32_1.5.0.202011040924/tools/bin/../lib/gcc/arm-none-eabi/7.3.1/thumb/v7e-m/fpv4-sp/hard\libgcc.a(_arm_addsubdf3.o)
 .ARM.attributes
                0x0000000000000491       0x22 c:/st/stm32cubeide_1.5.1/stm32cubeide/plugins/com.st.stm32cube.ide.mcu.externaltools.gnu-tools-for-stm32.7-2018-q2-update.win32_1.5.0.202011040924/tools/bin/../lib/gcc/arm-none-eabi/7.3.1/thumb/v7e-m/fpv4-sp/hard\libgcc.a(_arm_muldivdf3.o)
 .ARM.attributes
                0x00000000000004b3       0x22 c:/st/stm32cubeide_1.5.1/stm32cubeide/plugins/com.st.stm32cube.ide.mcu.externaltools.gnu-tools-for-stm32.7-2018-q2-update.win32_1.5.0.202011040924/tools/bin/../lib/gcc/arm-none-eabi/7.3.1/thumb/v7e-m/fpv4-sp/hard\libgcc.a(_arm_fixdfsi.o)
 .ARM.attributes
                0x00000000000004d5       0x22 c:/st/stm32cubeide_1.5.1/stm32cubeide/plugins/com.st.stm32cube.ide.mcu.externaltools.gnu-tools-for-stm32.7-2018-q2-update.win32_1.5.0.202011040924/tools/bin/../lib/gcc/arm-none-eabi/7.3.1/thumb/v7e-m/fpv4-sp/hard\libgcc.a(_aeabi_uldivmod.o)
 .ARM.attributes
                0x00000000000004f7       0x34 c:/st/stm32cubeide_1.5.1/stm32cubeide/plugins/com.st.stm32cube.ide.mcu.externaltools.gnu-tools-for-stm32.7-2018-q2-update.win32_1.5.0.202011040924/tools/bin/../lib/gcc/arm-none-eabi/7.3.1/thumb/v7e-m/fpv4-sp/hard\libgcc.a(_udivmoddi4.o)
 .ARM.attributes
                0x000000000000052b       0x22 c:/st/stm32cubeide_1.5.1/stm32cubeide/plugins/com.st.stm32cube.ide.mcu.externaltools.gnu-tools-for-stm32.7-2018-q2-update.win32_1.5.0.202011040924/tools/bin/../lib/gcc/arm-none-eabi/7.3.1/thumb/v7e-m/fpv4-sp/hard\libgcc.a(_dvmd_tls.o)
 .ARM.attributes
                0x000000000000054d       0x22 c:/st/stm32cubeide_1.5.1/stm32cubeide/plugins/com.st.stm32cube.ide.mcu.externaltools.gnu-tools-for-stm32.7-2018-q2-update.win32_1.5.0.202011040924/tools/bin/../lib/gcc/arm-none-eabi/7.3.1/thumb/v7e-m/fpv4-sp/hard/crtn.o
OUTPUT(Robotracer_Ryuku_Software.elf elf32-littlearm)

.debug_info     0x0000000000000000    0x10eba
 .debug_info    0x0000000000000000      0xa55 Core/Src/LineChase.o
 .debug_info    0x0000000000000a55     0x1c3e Core/Src/main.o
 .debug_info    0x0000000000002693     0x1a01 Core/Src/stm32f4xx_hal_msp.o
 .debug_info    0x0000000000004094      0x7ac Core/Src/stm32f4xx_it.o
 .debug_info    0x0000000000004840      0x554 Core/Src/system_stm32f4xx.o
 .debug_info    0x0000000000004d94       0x22 Core/Startup/startup_stm32f405rgtx.o
 .debug_info    0x0000000000004db6      0x933 Drivers/STM32F4xx_HAL_Driver/Src/stm32f4xx_hal.o
 .debug_info    0x00000000000056e9      0xcee Drivers/STM32F4xx_HAL_Driver/Src/stm32f4xx_hal_adc.o
 .debug_info    0x00000000000063d7      0xe16 Drivers/STM32F4xx_HAL_Driver/Src/stm32f4xx_hal_cortex.o
 .debug_info    0x00000000000071ed      0x968 Drivers/STM32F4xx_HAL_Driver/Src/stm32f4xx_hal_dma.o
 .debug_info    0x0000000000007b55      0x7b5 Drivers/STM32F4xx_HAL_Driver/Src/stm32f4xx_hal_gpio.o
 .debug_info    0x000000000000830a     0x2426 Drivers/STM32F4xx_HAL_Driver/Src/stm32f4xx_hal_i2c.o
 .debug_info    0x000000000000a730      0x904 Drivers/STM32F4xx_HAL_Driver/Src/stm32f4xx_hal_rcc.o
 .debug_info    0x000000000000b034     0x163a Drivers/STM32F4xx_HAL_Driver/Src/stm32f4xx_hal_spi.o
 .debug_info    0x000000000000c66e     0x24a9 Drivers/STM32F4xx_HAL_Driver/Src/stm32f4xx_hal_tim.o
 .debug_info    0x000000000000eb17     0x1157 Drivers/STM32F4xx_HAL_Driver/Src/stm32f4xx_hal_tim_ex.o
 .debug_info    0x000000000000fc6e     0x124c Drivers/STM32F4xx_HAL_Driver/Src/stm32f4xx_hal_uart.o

.debug_abbrev   0x0000000000000000     0x20b5
 .debug_abbrev  0x0000000000000000      0x1ca Core/Src/LineChase.o
 .debug_abbrev  0x00000000000001ca      0x23b Core/Src/main.o
 .debug_abbrev  0x0000000000000405      0x1f8 Core/Src/stm32f4xx_hal_msp.o
 .debug_abbrev  0x00000000000005fd      0x15a Core/Src/stm32f4xx_it.o
 .debug_abbrev  0x0000000000000757      0x12b Core/Src/system_stm32f4xx.o
 .debug_abbrev  0x0000000000000882       0x12 Core/Startup/startup_stm32f405rgtx.o
 .debug_abbrev  0x0000000000000894      0x1c7 Drivers/STM32F4xx_HAL_Driver/Src/stm32f4xx_hal.o
 .debug_abbrev  0x0000000000000a5b      0x205 Drivers/STM32F4xx_HAL_Driver/Src/stm32f4xx_hal_adc.o
 .debug_abbrev  0x0000000000000c60      0x2fa Drivers/STM32F4xx_HAL_Driver/Src/stm32f4xx_hal_cortex.o
 .debug_abbrev  0x0000000000000f5a      0x229 Drivers/STM32F4xx_HAL_Driver/Src/stm32f4xx_hal_dma.o
 .debug_abbrev  0x0000000000001183      0x1c9 Drivers/STM32F4xx_HAL_Driver/Src/stm32f4xx_hal_gpio.o
 .debug_abbrev  0x000000000000134c      0x254 Drivers/STM32F4xx_HAL_Driver/Src/stm32f4xx_hal_i2c.o
 .debug_abbrev  0x00000000000015a0      0x245 Drivers/STM32F4xx_HAL_Driver/Src/stm32f4xx_hal_rcc.o
 .debug_abbrev  0x00000000000017e5      0x240 Drivers/STM32F4xx_HAL_Driver/Src/stm32f4xx_hal_spi.o
 .debug_abbrev  0x0000000000001a25      0x230 Drivers/STM32F4xx_HAL_Driver/Src/stm32f4xx_hal_tim.o
 .debug_abbrev  0x0000000000001c55      0x21e Drivers/STM32F4xx_HAL_Driver/Src/stm32f4xx_hal_tim_ex.o
 .debug_abbrev  0x0000000000001e73      0x242 Drivers/STM32F4xx_HAL_Driver/Src/stm32f4xx_hal_uart.o

.debug_aranges  0x0000000000000000     0x11d8
 .debug_aranges
                0x0000000000000000       0x40 Core/Src/LineChase.o
 .debug_aranges
                0x0000000000000040       0xa0 Core/Src/main.o
 .debug_aranges
                0x00000000000000e0       0x98 Core/Src/stm32f4xx_hal_msp.o
 .debug_aranges
                0x0000000000000178       0x78 Core/Src/stm32f4xx_it.o
 .debug_aranges
                0x00000000000001f0       0x28 Core/Src/system_stm32f4xx.o
 .debug_aranges
                0x0000000000000218       0x28 Core/Startup/startup_stm32f405rgtx.o
 .debug_aranges
                0x0000000000000240       0xf0 Drivers/STM32F4xx_HAL_Driver/Src/stm32f4xx_hal.o
 .debug_aranges
                0x0000000000000330       0xe8 Drivers/STM32F4xx_HAL_Driver/Src/stm32f4xx_hal_adc.o
 .debug_aranges
                0x0000000000000418      0x118 Drivers/STM32F4xx_HAL_Driver/Src/stm32f4xx_hal_cortex.o
 .debug_aranges
                0x0000000000000530       0x90 Drivers/STM32F4xx_HAL_Driver/Src/stm32f4xx_hal_dma.o
 .debug_aranges
                0x00000000000005c0       0x58 Drivers/STM32F4xx_HAL_Driver/Src/stm32f4xx_hal_gpio.o
 .debug_aranges
                0x0000000000000618      0x2a0 Drivers/STM32F4xx_HAL_Driver/Src/stm32f4xx_hal_i2c.o
 .debug_aranges
                0x00000000000008b8       0x88 Drivers/STM32F4xx_HAL_Driver/Src/stm32f4xx_hal_rcc.o
 .debug_aranges
                0x0000000000000940      0x1d0 Drivers/STM32F4xx_HAL_Driver/Src/stm32f4xx_hal_spi.o
 .debug_aranges
                0x0000000000000b10      0x3a8 Drivers/STM32F4xx_HAL_Driver/Src/stm32f4xx_hal_tim.o
 .debug_aranges
                0x0000000000000eb8      0x150 Drivers/STM32F4xx_HAL_Driver/Src/stm32f4xx_hal_tim_ex.o
 .debug_aranges
                0x0000000000001008      0x1d0 Drivers/STM32F4xx_HAL_Driver/Src/stm32f4xx_hal_uart.o

.debug_ranges   0x0000000000000000     0x10f8
 .debug_ranges  0x0000000000000000       0x30 Core/Src/LineChase.o
 .debug_ranges  0x0000000000000030       0x90 Core/Src/main.o
 .debug_ranges  0x00000000000000c0       0x88 Core/Src/stm32f4xx_hal_msp.o
 .debug_ranges  0x0000000000000148       0x68 Core/Src/stm32f4xx_it.o
 .debug_ranges  0x00000000000001b0       0x18 Core/Src/system_stm32f4xx.o
 .debug_ranges  0x00000000000001c8       0x20 Core/Startup/startup_stm32f405rgtx.o
 .debug_ranges  0x00000000000001e8       0xe0 Drivers/STM32F4xx_HAL_Driver/Src/stm32f4xx_hal.o
 .debug_ranges  0x00000000000002c8       0xd8 Drivers/STM32F4xx_HAL_Driver/Src/stm32f4xx_hal_adc.o
 .debug_ranges  0x00000000000003a0      0x108 Drivers/STM32F4xx_HAL_Driver/Src/stm32f4xx_hal_cortex.o
 .debug_ranges  0x00000000000004a8       0x80 Drivers/STM32F4xx_HAL_Driver/Src/stm32f4xx_hal_dma.o
 .debug_ranges  0x0000000000000528       0x48 Drivers/STM32F4xx_HAL_Driver/Src/stm32f4xx_hal_gpio.o
 .debug_ranges  0x0000000000000570      0x2b8 Drivers/STM32F4xx_HAL_Driver/Src/stm32f4xx_hal_i2c.o
 .debug_ranges  0x0000000000000828       0x78 Drivers/STM32F4xx_HAL_Driver/Src/stm32f4xx_hal_rcc.o
 .debug_ranges  0x00000000000008a0      0x1c0 Drivers/STM32F4xx_HAL_Driver/Src/stm32f4xx_hal_spi.o
 .debug_ranges  0x0000000000000a60      0x398 Drivers/STM32F4xx_HAL_Driver/Src/stm32f4xx_hal_tim.o
 .debug_ranges  0x0000000000000df8      0x140 Drivers/STM32F4xx_HAL_Driver/Src/stm32f4xx_hal_tim_ex.o
 .debug_ranges  0x0000000000000f38      0x1c0 Drivers/STM32F4xx_HAL_Driver/Src/stm32f4xx_hal_uart.o

.debug_macro    0x0000000000000000    0x1fabc
 .debug_macro   0x0000000000000000      0x232 Core/Src/LineChase.o
 .debug_macro   0x0000000000000232      0xa5a Core/Src/LineChase.o
 .debug_macro   0x0000000000000c8c       0x10 Core/Src/LineChase.o
 .debug_macro   0x0000000000000c9c      0x2a6 Core/Src/LineChase.o
 .debug_macro   0x0000000000000f42       0x2e Core/Src/LineChase.o
 .debug_macro   0x0000000000000f70       0x2f Core/Src/LineChase.o
 .debug_macro   0x0000000000000f9f       0x22 Core/Src/LineChase.o
 .debug_macro   0x0000000000000fc1       0x8e Core/Src/LineChase.o
 .debug_macro   0x000000000000104f       0x51 Core/Src/LineChase.o
 .debug_macro   0x00000000000010a0       0xef Core/Src/LineChase.o
 .debug_macro   0x000000000000118f       0x6a Core/Src/LineChase.o
 .debug_macro   0x00000000000011f9      0x1df Core/Src/LineChase.o
 .debug_macro   0x00000000000013d8       0x1c Core/Src/LineChase.o
 .debug_macro   0x00000000000013f4       0x22 Core/Src/LineChase.o
 .debug_macro   0x0000000000001416       0xdf Core/Src/LineChase.o
 .debug_macro   0x00000000000014f5     0x102d Core/Src/LineChase.o
 .debug_macro   0x0000000000002522      0x11f Core/Src/LineChase.o
 .debug_macro   0x0000000000002641    0x14251 Core/Src/LineChase.o
 .debug_macro   0x0000000000016892       0x43 Core/Src/LineChase.o
 .debug_macro   0x00000000000168d5     0x3659 Core/Src/LineChase.o
 .debug_macro   0x0000000000019f2e      0x174 Core/Src/LineChase.o
 .debug_macro   0x000000000001a0a2       0x5a Core/Src/LineChase.o
 .debug_macro   0x000000000001a0fc      0x8a7 Core/Src/LineChase.o
 .debug_macro   0x000000000001a9a3      0x9fe Core/Src/LineChase.o
 .debug_macro   0x000000000001b3a1      0x117 Core/Src/LineChase.o
 .debug_macro   0x000000000001b4b8      0x130 Core/Src/LineChase.o
 .debug_macro   0x000000000001b5e8       0x27 Core/Src/LineChase.o
 .debug_macro   0x000000000001b60f      0x174 Core/Src/LineChase.o
 .debug_macro   0x000000000001b783      0x287 Core/Src/LineChase.o
 .debug_macro   0x000000000001ba0a       0x5f Core/Src/LineChase.o
 .debug_macro   0x000000000001ba69      0x236 Core/Src/LineChase.o
 .debug_macro   0x000000000001bc9f      0x391 Core/Src/LineChase.o
 .debug_macro   0x000000000001c030      0x176 Core/Src/LineChase.o
 .debug_macro   0x000000000001c1a6       0xf9 Core/Src/LineChase.o
 .debug_macro   0x000000000001c29f      0x12c Core/Src/LineChase.o
 .debug_macro   0x000000000001c3cb      0x21e Core/Src/LineChase.o
 .debug_macro   0x000000000001c5e9       0x2e Core/Src/LineChase.o
 .debug_macro   0x000000000001c617      0x1b5 Core/Src/LineChase.o
 .debug_macro   0x000000000001c7cc       0xd6 Core/Src/LineChase.o
 .debug_macro   0x000000000001c8a2      0x11a Core/Src/LineChase.o
 .debug_macro   0x000000000001c9bc       0x7e Core/Src/LineChase.o
 .debug_macro   0x000000000001ca3a       0x89 Core/Src/LineChase.o
 .debug_macro   0x000000000001cac3      0x225 Core/Src/LineChase.o
 .debug_macro   0x000000000001cce8      0x8a0 Core/Src/LineChase.o
 .debug_macro   0x000000000001d588       0x47 Core/Src/LineChase.o
 .debug_macro   0x000000000001d5cf      0x287 Core/Src/LineChase.o
 .debug_macro   0x000000000001d856      0x12d Core/Src/LineChase.o
 .debug_macro   0x000000000001d983       0xf4 Core/Src/LineChase.o
 .debug_macro   0x000000000001da77       0x10 Core/Src/LineChase.o
 .debug_macro   0x000000000001da87      0x230 Core/Src/main.o
 .debug_macro   0x000000000001dcb7      0x22c Core/Src/stm32f4xx_hal_msp.o
 .debug_macro   0x000000000001dee3      0x236 Core/Src/stm32f4xx_it.o
 .debug_macro   0x000000000001e119      0x211 Core/Src/system_stm32f4xx.o
 .debug_macro   0x000000000001e32a      0x26b Drivers/STM32F4xx_HAL_Driver/Src/stm32f4xx_hal.o
 .debug_macro   0x000000000001e595      0x20c Drivers/STM32F4xx_HAL_Driver/Src/stm32f4xx_hal_adc.o
 .debug_macro   0x000000000001e7a1      0x20b Drivers/STM32F4xx_HAL_Driver/Src/stm32f4xx_hal_cortex.o
 .debug_macro   0x000000000001e9ac      0x211 Drivers/STM32F4xx_HAL_Driver/Src/stm32f4xx_hal_dma.o
 .debug_macro   0x000000000001ebbd      0x241 Drivers/STM32F4xx_HAL_Driver/Src/stm32f4xx_hal_gpio.o
 .debug_macro   0x000000000001edfe      0x252 Drivers/STM32F4xx_HAL_Driver/Src/stm32f4xx_hal_i2c.o
 .debug_macro   0x000000000001f050      0x22f Drivers/STM32F4xx_HAL_Driver/Src/stm32f4xx_hal_rcc.o
 .debug_macro   0x000000000001f27f      0x21a Drivers/STM32F4xx_HAL_Driver/Src/stm32f4xx_hal_spi.o
 .debug_macro   0x000000000001f499      0x20c Drivers/STM32F4xx_HAL_Driver/Src/stm32f4xx_hal_tim.o
 .debug_macro   0x000000000001f6a5      0x20b Drivers/STM32F4xx_HAL_Driver/Src/stm32f4xx_hal_tim_ex.o
 .debug_macro   0x000000000001f8b0      0x20c Drivers/STM32F4xx_HAL_Driver/Src/stm32f4xx_hal_uart.o

.debug_line     0x0000000000000000     0xcb5c
 .debug_line    0x0000000000000000      0x819 Core/Src/LineChase.o
 .debug_line    0x0000000000000819      0x9db Core/Src/main.o
 .debug_line    0x00000000000011f4      0x91d Core/Src/stm32f4xx_hal_msp.o
 .debug_line    0x0000000000001b11      0x827 Core/Src/stm32f4xx_it.o
 .debug_line    0x0000000000002338      0x755 Core/Src/system_stm32f4xx.o
 .debug_line    0x0000000000002a8d       0x85 Core/Startup/startup_stm32f405rgtx.o
 .debug_line    0x0000000000002b12      0x93f Drivers/STM32F4xx_HAL_Driver/Src/stm32f4xx_hal.o
 .debug_line    0x0000000000003451      0xba4 Drivers/STM32F4xx_HAL_Driver/Src/stm32f4xx_hal_adc.o
 .debug_line    0x0000000000003ff5      0xa63 Drivers/STM32F4xx_HAL_Driver/Src/stm32f4xx_hal_cortex.o
 .debug_line    0x0000000000004a58      0xa0d Drivers/STM32F4xx_HAL_Driver/Src/stm32f4xx_hal_dma.o
 .debug_line    0x0000000000005465      0x91e Drivers/STM32F4xx_HAL_Driver/Src/stm32f4xx_hal_gpio.o
 .debug_line    0x0000000000005d83     0x1bed Drivers/STM32F4xx_HAL_Driver/Src/stm32f4xx_hal_i2c.o
 .debug_line    0x0000000000007970      0x997 Drivers/STM32F4xx_HAL_Driver/Src/stm32f4xx_hal_rcc.o
 .debug_line    0x0000000000008307     0x10fb Drivers/STM32F4xx_HAL_Driver/Src/stm32f4xx_hal_spi.o
 .debug_line    0x0000000000009402     0x19b8 Drivers/STM32F4xx_HAL_Driver/Src/stm32f4xx_hal_tim.o
 .debug_line    0x000000000000adba      0xd55 Drivers/STM32F4xx_HAL_Driver/Src/stm32f4xx_hal_tim_ex.o
 .debug_line    0x000000000000bb0f     0x104d Drivers/STM32F4xx_HAL_Driver/Src/stm32f4xx_hal_uart.o

.debug_str      0x0000000000000000    0xc4023
 .debug_str     0x0000000000000000    0xbf33d Core/Src/LineChase.o
                                      0xbf666 (size before relaxing)
 .debug_str     0x00000000000bf33d     0x1146 Core/Src/main.o
                                      0xc0726 (size before relaxing)
 .debug_str     0x00000000000c0483      0x187 Core/Src/stm32f4xx_hal_msp.o
                                      0xc0401 (size before relaxing)
 .debug_str     0x00000000000c060a       0xf9 Core/Src/stm32f4xx_it.o
                                      0xbf5eb (size before relaxing)
 .debug_str     0x00000000000c0703       0xc4 Core/Src/system_stm32f4xx.o
                                      0xbed46 (size before relaxing)
 .debug_str     0x00000000000c07c7       0x36 Core/Startup/startup_stm32f405rgtx.o
                                         0x82 (size before relaxing)
 .debug_str     0x00000000000c07fd      0x58d Drivers/STM32F4xx_HAL_Driver/Src/stm32f4xx_hal.o
                                      0xbf7f2 (size before relaxing)
 .debug_str     0x00000000000c0d8a      0x29d Drivers/STM32F4xx_HAL_Driver/Src/stm32f4xx_hal_adc.o
                                      0xbf2dd (size before relaxing)
 .debug_str     0x00000000000c1027      0x392 Drivers/STM32F4xx_HAL_Driver/Src/stm32f4xx_hal_cortex.o
                                      0xbf5e1 (size before relaxing)
 .debug_str     0x00000000000c13b9      0x31d Drivers/STM32F4xx_HAL_Driver/Src/stm32f4xx_hal_dma.o
                                      0xbf15b (size before relaxing)
 .debug_str     0x00000000000c16d6      0x20c Drivers/STM32F4xx_HAL_Driver/Src/stm32f4xx_hal_gpio.o
                                      0xbef85 (size before relaxing)
 .debug_str     0x00000000000c18e2      0xaae Drivers/STM32F4xx_HAL_Driver/Src/stm32f4xx_hal_i2c.o
                                      0xbfcb3 (size before relaxing)
 .debug_str     0x00000000000c2390      0x24e Drivers/STM32F4xx_HAL_Driver/Src/stm32f4xx_hal_rcc.o
                                      0xbf133 (size before relaxing)
 .debug_str     0x00000000000c25de      0x545 Drivers/STM32F4xx_HAL_Driver/Src/stm32f4xx_hal_spi.o
                                      0xbf5b4 (size before relaxing)
 .debug_str     0x00000000000c2b23      0xbeb Drivers/STM32F4xx_HAL_Driver/Src/stm32f4xx_hal_tim.o
                                      0xbfe52 (size before relaxing)
 .debug_str     0x00000000000c370e      0x40e Drivers/STM32F4xx_HAL_Driver/Src/stm32f4xx_hal_tim_ex.o
                                      0xbf652 (size before relaxing)
 .debug_str     0x00000000000c3b1c      0x507 Drivers/STM32F4xx_HAL_Driver/Src/stm32f4xx_hal_uart.o
                                      0xbf592 (size before relaxing)

.comment        0x0000000000000000       0x7b
 .comment       0x0000000000000000       0x7b Core/Src/LineChase.o
                                         0x7c (size before relaxing)
 .comment       0x000000000000007b       0x7c Core/Src/main.o
 .comment       0x000000000000007b       0x7c Core/Src/stm32f4xx_hal_msp.o
 .comment       0x000000000000007b       0x7c Core/Src/stm32f4xx_it.o
 .comment       0x000000000000007b       0x7c Core/Src/system_stm32f4xx.o
 .comment       0x000000000000007b       0x7c Drivers/STM32F4xx_HAL_Driver/Src/stm32f4xx_hal.o
 .comment       0x000000000000007b       0x7c Drivers/STM32F4xx_HAL_Driver/Src/stm32f4xx_hal_adc.o
 .comment       0x000000000000007b       0x7c Drivers/STM32F4xx_HAL_Driver/Src/stm32f4xx_hal_cortex.o
 .comment       0x000000000000007b       0x7c Drivers/STM32F4xx_HAL_Driver/Src/stm32f4xx_hal_dma.o
 .comment       0x000000000000007b       0x7c Drivers/STM32F4xx_HAL_Driver/Src/stm32f4xx_hal_gpio.o
 .comment       0x000000000000007b       0x7c Drivers/STM32F4xx_HAL_Driver/Src/stm32f4xx_hal_i2c.o
 .comment       0x000000000000007b       0x7c Drivers/STM32F4xx_HAL_Driver/Src/stm32f4xx_hal_rcc.o
 .comment       0x000000000000007b       0x7c Drivers/STM32F4xx_HAL_Driver/Src/stm32f4xx_hal_spi.o
 .comment       0x000000000000007b       0x7c Drivers/STM32F4xx_HAL_Driver/Src/stm32f4xx_hal_tim.o
 .comment       0x000000000000007b       0x7c Drivers/STM32F4xx_HAL_Driver/Src/stm32f4xx_hal_tim_ex.o
 .comment       0x000000000000007b       0x7c Drivers/STM32F4xx_HAL_Driver/Src/stm32f4xx_hal_uart.o

.debug_frame    0x0000000000000000     0x4de8
 .debug_frame   0x0000000000000000       0xc0 Core/Src/LineChase.o
 .debug_frame   0x00000000000000c0      0x248 Core/Src/main.o
 .debug_frame   0x0000000000000308      0x25c Core/Src/stm32f4xx_hal_msp.o
 .debug_frame   0x0000000000000564      0x158 Core/Src/stm32f4xx_it.o
 .debug_frame   0x00000000000006bc       0x58 Core/Src/system_stm32f4xx.o
 .debug_frame   0x0000000000000714      0x374 Drivers/STM32F4xx_HAL_Driver/Src/stm32f4xx_hal.o
 .debug_frame   0x0000000000000a88      0x3fc Drivers/STM32F4xx_HAL_Driver/Src/stm32f4xx_hal_adc.o
 .debug_frame   0x0000000000000e84      0x498 Drivers/STM32F4xx_HAL_Driver/Src/stm32f4xx_hal_cortex.o
 .debug_frame   0x000000000000131c      0x250 Drivers/STM32F4xx_HAL_Driver/Src/stm32f4xx_hal_dma.o
 .debug_frame   0x000000000000156c      0x14c Drivers/STM32F4xx_HAL_Driver/Src/stm32f4xx_hal_gpio.o
 .debug_frame   0x00000000000016b8      0xc5c Drivers/STM32F4xx_HAL_Driver/Src/stm32f4xx_hal_i2c.o
 .debug_frame   0x0000000000002314      0x1f0 Drivers/STM32F4xx_HAL_Driver/Src/stm32f4xx_hal_rcc.o
 .debug_frame   0x0000000000002504      0x824 Drivers/STM32F4xx_HAL_Driver/Src/stm32f4xx_hal_spi.o
 .debug_frame   0x0000000000002d28     0x10f0 Drivers/STM32F4xx_HAL_Driver/Src/stm32f4xx_hal_tim.o
 .debug_frame   0x0000000000003e18      0x5c0 Drivers/STM32F4xx_HAL_Driver/Src/stm32f4xx_hal_tim_ex.o
 .debug_frame   0x00000000000043d8      0x844 Drivers/STM32F4xx_HAL_Driver/Src/stm32f4xx_hal_uart.o
 .debug_frame   0x0000000000004c1c       0x2c c:/st/stm32cubeide_1.5.1/stm32cubeide/plugins/com.st.stm32cube.ide.mcu.externaltools.gnu-tools-for-stm32.7-2018-q2-update.win32_1.5.0.202011040924/tools/bin/../lib/gcc/arm-none-eabi/7.3.1/../../../../arm-none-eabi/lib/thumb/v7e-m/fpv4-sp/hard\libc_nano.a(lib_a-init.o)
 .debug_frame   0x0000000000004c48       0x20 c:/st/stm32cubeide_1.5.1/stm32cubeide/plugins/com.st.stm32cube.ide.mcu.externaltools.gnu-tools-for-stm32.7-2018-q2-update.win32_1.5.0.202011040924/tools/bin/../lib/gcc/arm-none-eabi/7.3.1/../../../../arm-none-eabi/lib/thumb/v7e-m/fpv4-sp/hard\libc_nano.a(lib_a-memset.o)
 .debug_frame   0x0000000000004c68       0xac c:/st/stm32cubeide_1.5.1/stm32cubeide/plugins/com.st.stm32cube.ide.mcu.externaltools.gnu-tools-for-stm32.7-2018-q2-update.win32_1.5.0.202011040924/tools/bin/../lib/gcc/arm-none-eabi/7.3.1/thumb/v7e-m/fpv4-sp/hard\libgcc.a(_arm_addsubdf3.o)
 .debug_frame   0x0000000000004d14       0x50 c:/st/stm32cubeide_1.5.1/stm32cubeide/plugins/com.st.stm32cube.ide.mcu.externaltools.gnu-tools-for-stm32.7-2018-q2-update.win32_1.5.0.202011040924/tools/bin/../lib/gcc/arm-none-eabi/7.3.1/thumb/v7e-m/fpv4-sp/hard\libgcc.a(_arm_muldivdf3.o)
 .debug_frame   0x0000000000004d64       0x24 c:/st/stm32cubeide_1.5.1/stm32cubeide/plugins/com.st.stm32cube.ide.mcu.externaltools.gnu-tools-for-stm32.7-2018-q2-update.win32_1.5.0.202011040924/tools/bin/../lib/gcc/arm-none-eabi/7.3.1/thumb/v7e-m/fpv4-sp/hard\libgcc.a(_arm_fixdfsi.o)
 .debug_frame   0x0000000000004d88       0x2c c:/st/stm32cubeide_1.5.1/stm32cubeide/plugins/com.st.stm32cube.ide.mcu.externaltools.gnu-tools-for-stm32.7-2018-q2-update.win32_1.5.0.202011040924/tools/bin/../lib/gcc/arm-none-eabi/7.3.1/thumb/v7e-m/fpv4-sp/hard\libgcc.a(_aeabi_uldivmod.o)
 .debug_frame   0x0000000000004db4       0x34 c:/st/stm32cubeide_1.5.1/stm32cubeide/plugins/com.st.stm32cube.ide.mcu.externaltools.gnu-tools-for-stm32.7-2018-q2-update.win32_1.5.0.202011040924/tools/bin/../lib/gcc/arm-none-eabi/7.3.1/thumb/v7e-m/fpv4-sp/hard\libgcc.a(_udivmoddi4.o)
