main.c:95:6:HAL_TIM_PeriodElapsedCallback	16	static
main.c:117:5:main	8	static
main.c:242:6:SystemClock_Config	88	static
main.c:286:13:MX_ADC1_Init	24	static
main.c:424:13:MX_I2C1_Init	8	static
main.c:458:13:MX_SPI3_Init	8	static
main.c:496:13:MX_TIM2_Init	48	static
main.c:553:13:MX_TIM3_Init	56	static
main.c:602:13:MX_TIM4_Init	56	static
main.c:651:13:MX_TIM6_Init	16	static
main.c:689:13:MX_TIM7_Init	16	static
main.c:727:13:MX_TIM8_Init	80	static
main.c:804:13:MX_TIM12_Init	40	static
main.c:850:13:MX_USART1_UART_Init	8	static
main.c:881:13:MX_DMA_Init	16	static
main.c:899:13:MX_GPIO_Init	48	static
main.c:952:6:Error_Handler	4	static,ignoring_inline_asm
