main.c:96:6:HAL_TIM_PeriodElapsedCallback	16	static
main.c:119:5:main	8	static
main.c:246:6:SystemClock_Config	88	static
main.c:290:13:MX_ADC1_Init	24	static
main.c:428:13:MX_I2C1_Init	8	static
main.c:462:13:MX_SPI3_Init	8	static
main.c:500:13:MX_TIM2_Init	48	static
main.c:557:13:MX_TIM3_Init	56	static
main.c:606:13:MX_TIM4_Init	56	static
main.c:655:13:MX_TIM6_Init	16	static
main.c:693:13:MX_TIM7_Init	16	static
main.c:731:13:MX_TIM8_Init	80	static
main.c:808:13:MX_TIM12_Init	40	static
main.c:854:13:MX_USART1_UART_Init	8	static
main.c:885:13:MX_DMA_Init	16	static
main.c:903:13:MX_GPIO_Init	48	static
main.c:956:6:Error_Handler	4	static,ignoring_inline_asm
